10:12:34 **** Build of project primavolta_bsp ****
make -k all 
"Running Make include in microblaze_0/libsrc/bram_v4_3/src"
make -C microblaze_0/libsrc/bram_v4_3/src -s include  "SHELL=CMD" "COMPILER=mb-gcc" "ARCHIVER=mb-ar" "COMPILER_FLAGS=  -O2 -c -mcpu=v11.0 -mlittle-endian -mxl-soft-mul" "EXTRA_COMPILER_FLAGS=-ffunction-sections -fdata-sections -Wall -Wextra"
"Running Make include in microblaze_0/libsrc/cpu_v2_9/src"
make -C microblaze_0/libsrc/cpu_v2_9/src -s include  "SHELL=CMD" "COMPILER=mb-gcc" "ARCHIVER=mb-ar" "COMPILER_FLAGS=  -O2 -c -mcpu=v11.0 -mlittle-endian -mxl-soft-mul" "EXTRA_COMPILER_FLAGS=-ffunction-sections -fdata-sections -Wall -Wextra"
"Running Make include in microblaze_0/libsrc/gpio_v4_4/src"
make -C microblaze_0/libsrc/gpio_v4_4/src -s include  "SHELL=CMD" "COMPILER=mb-gcc" "ARCHIVER=mb-ar" "COMPILER_FLAGS=  -O2 -c -mcpu=v11.0 -mlittle-endian -mxl-soft-mul" "EXTRA_COMPILER_FLAGS=-ffunction-sections -fdata-sections -Wall -Wextra"
"Running Make include in microblaze_0/libsrc/standalone_v7_0/src"
make -C microblaze_0/libsrc/standalone_v7_0/src -s include  "SHELL=CMD" "COMPILER=mb-gcc" "ARCHIVER=mb-ar" "COMPILER_FLAGS=  -O2 -c -mcpu=v11.0 -mlittle-endian -mxl-soft-mul" "EXTRA_COMPILER_FLAGS=-ffunction-sections -fdata-sections -Wall -Wextra"
"Running Make include in microblaze_0/libsrc/uartlite_v3_2/src"
make -C microblaze_0/libsrc/uartlite_v3_2/src -s include  "SHELL=CMD" "COMPILER=mb-gcc" "ARCHIVER=mb-ar" "COMPILER_FLAGS=  -O2 -c -mcpu=v11.0 -mlittle-endian -mxl-soft-mul" "EXTRA_COMPILER_FLAGS=-ffunction-sections -fdata-sections -Wall -Wextra"
"Running Make libs in microblaze_0/libsrc/bram_v4_3/src"
make -C microblaze_0/libsrc/bram_v4_3/src -s libs  "SHELL=CMD" "COMPILER=mb-gcc" "ARCHIVER=mb-ar" "COMPILER_FLAGS=  -O2 -c -mcpu=v11.0 -mlittle-endian -mxl-soft-mul" "EXTRA_COMPILER_FLAGS=-ffunction-sections -fdata-sections -Wall -Wextra"
"Compiling bram"
mb-ar: creating ../../../lib/libxil.a
"Running Make libs in microblaze_0/libsrc/cpu_v2_9/src"
make -C microblaze_0/libsrc/cpu_v2_9/src -s libs  "SHELL=CMD" "COMPILER=mb-gcc" "ARCHIVER=mb-ar" "COMPILER_FLAGS=  -O2 -c -mcpu=v11.0 -mlittle-endian -mxl-soft-mul" "EXTRA_COMPILER_FLAGS=-ffunction-sections -fdata-sections -Wall -Wextra"
"Compiling cpu"
"Running Make libs in microblaze_0/libsrc/gpio_v4_4/src"
make -C microblaze_0/libsrc/gpio_v4_4/src -s libs  "SHELL=CMD" "COMPILER=mb-gcc" "ARCHIVER=mb-ar" "COMPILER_FLAGS=  -O2 -c -mcpu=v11.0 -mlittle-endian -mxl-soft-mul" "EXTRA_COMPILER_FLAGS=-ffunction-sections -fdata-sections -Wall -Wextra"
"Compiling gpio"
"Running Make libs in microblaze_0/libsrc/standalone_v7_0/src"
make -C microblaze_0/libsrc/standalone_v7_0/src -s libs  "SHELL=CMD" "COMPILER=mb-gcc" "ARCHIVER=mb-ar" "COMPILER_FLAGS=  -O2 -c -mcpu=v11.0 -mlittle-endian -mxl-soft-mul" "EXTRA_COMPILER_FLAGS=-ffunction-sections -fdata-sections -Wall -Wextra"
"Compiling standalone";
microblaze_sleep.c:77:9: note: #pragma message: For the sleep routines, assembly instructions are used
 #pragma message ("For the sleep routines, assembly instructions are used")
         ^~~~~~~
"Running Make libs in microblaze_0/libsrc/uartlite_v3_2/src"
make -C microblaze_0/libsrc/uartlite_v3_2/src -s libs  "SHELL=CMD" "COMPILER=mb-gcc" "ARCHIVER=mb-ar" "COMPILER_FLAGS=  -O2 -c -mcpu=v11.0 -mlittle-endian -mxl-soft-mul" "EXTRA_COMPILER_FLAGS=-ffunction-sections -fdata-sections -Wall -Wextra"
"Compiling uartlite"
'Finished building libraries'
10:12:44 **** Build of configuration Debug for project primavolta ****
make all 
'Building file: ../src/helloworld.c'
'Invoking: MicroBlaze gcc compiler'
mb-gcc -Wall -O0 -g3 -c -fmessage-length=0 -MT"src/helloworld.o" -I../../primavolta_bsp/microblaze_0/include -mlittle-endian -mcpu=v11.0 -mxl-soft-mul -Wl,--no-relax -ffunction-sections -fdata-sections -MMD -MP -MF"src/helloworld.d" -MT"src/helloworld.o" -o "src/helloworld.o" "../src/helloworld.c"
'Finished building: ../src/helloworld.c'
' '
'Building file: ../src/platform.c'
'Invoking: MicroBlaze gcc compiler'
mb-gcc -Wall -O0 -g3 -c -fmessage-length=0 -MT"src/platform.o" -I../../primavolta_bsp/microblaze_0/include -mlittle-endian -mcpu=v11.0 -mxl-soft-mul -Wl,--no-relax -ffunction-sections -fdata-sections -MMD -MP -MF"src/platform.d" -MT"src/platform.o" -o "src/platform.o" "../src/platform.c"
'Finished building: ../src/platform.c'
' '
'Building target: primavolta.elf'
'Invoking: MicroBlaze gcc linker'
mb-gcc -Wl,-T -Wl,../src/lscript.ld -L../../primavolta_bsp/microblaze_0/lib -mlittle-endian -mcpu=v11.0 -mxl-soft-mul -Wl,--no-relax -Wl,--gc-sections -o "primavolta.elf"  ./src/helloworld.o ./src/platform.o   -Wl,--start-group,-lxil,-lgcc,-lc,--end-group
'Finished building target: primavolta.elf'
' '
'Invoking: MicroBlaze Print Size'
mb-size primavolta.elf  |tee "primavolta.elf.size"
   text	   data	    bss	    dec	    hex	filename
   2696	    268	   3108	   6072	   17b8	primavolta.elf
'Finished building: primavolta.elf.size'
' '
10:18:50 **** Auto Build of configuration Debug for project primavolta ****
make all 
'Building file: ../src/helloworld.c'
'Invoking: MicroBlaze gcc compiler'
mb-gcc -Wall -O0 -g3 -c -fmessage-length=0 -MT"src/helloworld.o" -I../../primavolta_bsp/microblaze_0/include -mlittle-endian -mcpu=v11.0 -mxl-soft-mul -Wl,--no-relax -ffunction-sections -fdata-sections -MMD -MP -MF"src/helloworld.d" -MT"src/helloworld.o" -o "src/helloworld.o" "../src/helloworld.c"
'Finished building: ../src/helloworld.c'
' '
'Building target: primavolta.elf'
'Invoking: MicroBlaze gcc linker'
mb-gcc -Wl,-T -Wl,../src/lscript.ld -L../../primavolta_bsp/microblaze_0/lib -mlittle-endian -mcpu=v11.0 -mxl-soft-mul -Wl,--no-relax -Wl,--gc-sections -o "primavolta.elf"  ./src/helloworld.o ./src/platform.o   -Wl,--start-group,-lxil,-lgcc,-lc,--end-group
'Finished building target: primavolta.elf'
' '
'Invoking: MicroBlaze Print Size'
mb-size primavolta.elf  |tee "primavolta.elf.size"
   text	   data	    bss	    dec	    hex	filename
   2696	    268	   3108	   6072	   17b8	primavolta.elf
'Finished building: primavolta.elf.size'
' '
10:55:06 **** Auto Build of configuration Debug for project primavolta ****
make all 
'Building file: ../src/helloworld.c'
'Invoking: MicroBlaze gcc compiler'
mb-gcc -Wall -O0 -g3 -c -fmessage-length=0 -MT"src/helloworld.o" -I../../primavolta_bsp/microblaze_0/include -mlittle-endian -mcpu=v11.0 -mxl-soft-mul -Wl,--no-relax -ffunction-sections -fdata-sections -MMD -MP -MF"src/helloworld.d" -MT"src/helloworld.o" -o "src/helloworld.o" "../src/helloworld.c"
../src/helloworld.c: In function 'main':
../src/helloworld.c:60:13: warning: assignment to 'int *' from 'int' makes pointer from integer without a cast [-Wint-conversion]
     addr_tri=0x40000004;
             ^
../src/helloworld.c:61:14: warning: assignment to 'int *' from 'int' makes pointer from integer without a cast [-Wint-conversion]
     addr_data=0x40000000;
              ^
../src/helloworld.c:59:11: warning: variable 'addr_data' set but not used [-Wunused-but-set-variable]
     int * addr_data;
           ^~~~~~~~~
'Finished building: ../src/helloworld.c'
' '
'Building target: primavolta.elf'
'Invoking: MicroBlaze gcc linker'
mb-gcc -Wl,-T -Wl,../src/lscript.ld -L../../primavolta_bsp/microblaze_0/lib -mlittle-endian -mcpu=v11.0 -mxl-soft-mul -Wl,--no-relax -Wl,--gc-sections -o "primavolta.elf"  ./src/helloworld.o ./src/platform.o   -Wl,--start-group,-lxil,-lgcc,-lc,--end-group
'Finished building target: primavolta.elf'
' '
'Invoking: MicroBlaze Print Size'
mb-size primavolta.elf  |tee "primavolta.elf.size"
   text	   data	    bss	    dec	    hex	filename
   2740	    268	   3112	   6120	   17e8	primavolta.elf
'Finished building: primavolta.elf.size'
' '
10:57:34 **** Auto Build of configuration Debug for project primavolta ****
make all 
'Building file: ../src/helloworld.c'
'Invoking: MicroBlaze gcc compiler'
mb-gcc -Wall -O0 -g3 -c -fmessage-length=0 -MT"src/helloworld.o" -I../../primavolta_bsp/microblaze_0/include -mlittle-endian -mcpu=v11.0 -mxl-soft-mul -Wl,--no-relax -ffunction-sections -fdata-sections -MMD -MP -MF"src/helloworld.d" -MT"src/helloworld.o" -o "src/helloworld.o" "../src/helloworld.c"
../src/helloworld.c: In function 'main':
../src/helloworld.c:60:13: warning: assignment to 'int *' from 'int' makes pointer from integer without a cast [-Wint-conversion]
     addr_tri=0x40000004;
             ^
../src/helloworld.c:61:14: warning: assignment to 'int *' from 'int' makes pointer from integer without a cast [-Wint-conversion]
     addr_data=0x40000000;
              ^
'Finished building: ../src/helloworld.c'
' '
'Building target: primavolta.elf'
'Invoking: MicroBlaze gcc linker'
mb-gcc -Wl,-T -Wl,../src/lscript.ld -L../../primavolta_bsp/microblaze_0/lib -mlittle-endian -mcpu=v11.0 -mxl-soft-mul -Wl,--no-relax -Wl,--gc-sections -o "primavolta.elf"  ./src/helloworld.o ./src/platform.o   -Wl,--start-group,-lxil,-lgcc,-lc,--end-group
'Finished building target: primavolta.elf'
' '
'Invoking: MicroBlaze Print Size'
mb-size primavolta.elf  |tee "primavolta.elf.size"
   text	   data	    bss	    dec	    hex	filename
   2740	    268	   3112	   6120	   17e8	primavolta.elf
'Finished building: primavolta.elf.size'
' '
11:06:39 **** Auto Build of configuration Debug for project primavolta ****
make all 
'Building file: ../src/helloworld.c'
'Invoking: MicroBlaze gcc compiler'
mb-gcc -Wall -O0 -g3 -c -fmessage-length=0 -MT"src/helloworld.o" -I../../primavolta_bsp/microblaze_0/include -mlittle-endian -mcpu=v11.0 -mxl-soft-mul -Wl,--no-relax -ffunction-sections -fdata-sections -MMD -MP -MF"src/helloworld.d" -MT"src/helloworld.o" -o "src/helloworld.o" "../src/helloworld.c"
../src/helloworld.c: In function 'main':
../src/helloworld.c:62:13: warning: assignment to 'int *' from 'int' makes pointer from integer without a cast [-Wint-conversion]
     addr_tri=0x40000004;
             ^
../src/helloworld.c:63:14: warning: assignment to 'int *' from 'int' makes pointer from integer without a cast [-Wint-conversion]
     addr_data=0x40000000;
              ^
'Finished building: ../src/helloworld.c'
' '
'Building target: primavolta.elf'
'Invoking: MicroBlaze gcc linker'
mb-gcc -Wl,-T -Wl,../src/lscript.ld -L../../primavolta_bsp/microblaze_0/lib -mlittle-endian -mcpu=v11.0 -mxl-soft-mul -Wl,--no-relax -Wl,--gc-sections -o "primavolta.elf"  ./src/helloworld.o ./src/platform.o   -Wl,--start-group,-lxil,-lgcc,-lc,--end-group
'Finished building target: primavolta.elf'
' '
'Invoking: MicroBlaze Print Size'
mb-size primavolta.elf  |tee "primavolta.elf.size"
   text	   data	    bss	    dec	    hex	filename
   2740	    268	   3112	   6120	   17e8	primavolta.elf
'Finished building: primavolta.elf.size'
' '
11:08:46 **** Auto Build of configuration Debug for project primavolta ****
make all 
'Building file: ../src/helloworld.c'
'Invoking: MicroBlaze gcc compiler'
mb-gcc -Wall -O0 -g3 -c -fmessage-length=0 -MT"src/helloworld.o" -I../../primavolta_bsp/microblaze_0/include -mlittle-endian -mcpu=v11.0 -mxl-soft-mul -Wl,--no-relax -ffunction-sections -fdata-sections -MMD -MP -MF"src/helloworld.d" -MT"src/helloworld.o" -o "src/helloworld.o" "../src/helloworld.c"
../src/helloworld.c: In function 'main':
../src/helloworld.c:62:13: warning: assignment to 'int *' from 'int' makes pointer from integer without a cast [-Wint-conversion]
     addr_tri=0x40000000 + 0x4;
             ^
../src/helloworld.c:63:14: warning: assignment to 'int *' from 'int' makes pointer from integer without a cast [-Wint-conversion]
     addr_data=0x40000000 + 0x0;
              ^
'Finished building: ../src/helloworld.c'
' '
'Building target: primavolta.elf'
'Invoking: MicroBlaze gcc linker'
mb-gcc -Wl,-T -Wl,../src/lscript.ld -L../../primavolta_bsp/microblaze_0/lib -mlittle-endian -mcpu=v11.0 -mxl-soft-mul -Wl,--no-relax -Wl,--gc-sections -o "primavolta.elf"  ./src/helloworld.o ./src/platform.o   -Wl,--start-group,-lxil,-lgcc,-lc,--end-group
'Finished building target: primavolta.elf'
' '
'Invoking: MicroBlaze Print Size'
mb-size primavolta.elf  |tee "primavolta.elf.size"
   text	   data	    bss	    dec	    hex	filename
   2744	    268	   3108	   6120	   17e8	primavolta.elf
'Finished building: primavolta.elf.size'
' '
11:08:51 **** Incremental Build of configuration Debug for project primavolta ****
make all 
make: Nothing to be done for 'all'.
11:27:54 **** Clean-only build of configuration Debug for project primavolta ****
make clean 
rm -rf  ./src/helloworld.o ./src/platform.o  ./src/helloworld.d ./src/platform.d  primavolta.elf.size  primavolta.elf
' '
11:27:55 **** Auto Build of configuration Debug for project primavolta ****
make all 
'Building file: ../src/helloworld.c'
'Invoking: MicroBlaze gcc compiler'
mb-gcc -Wall -O2 -g3 -c -fmessage-length=0 -MT"src/helloworld.o" -I../../primavolta_bsp/microblaze_0/include -mlittle-endian -mcpu=v11.0 -mxl-soft-mul -Wl,--no-relax -ffunction-sections -fdata-sections -MMD -MP -MF"src/helloworld.d" -MT"src/helloworld.o" -o "src/helloworld.o" "../src/helloworld.c"
../src/helloworld.c: In function 'main':
../src/helloworld.c:62:13: warning: assignment to 'int *' from 'int' makes pointer from integer without a cast [-Wint-conversion]
     addr_tri=0x40000000 + 0x4;
             ^
../src/helloworld.c:63:14: warning: assignment to 'int *' from 'int' makes pointer from integer without a cast [-Wint-conversion]
     addr_data=0x40000000 + 0x0;
              ^
'Finished building: ../src/helloworld.c'
' '
'Building file: ../src/platform.c'
'Invoking: MicroBlaze gcc compiler'
mb-gcc -Wall -O2 -g3 -c -fmessage-length=0 -MT"src/platform.o" -I../../primavolta_bsp/microblaze_0/include -mlittle-endian -mcpu=v11.0 -mxl-soft-mul -Wl,--no-relax -ffunction-sections -fdata-sections -MMD -MP -MF"src/platform.d" -MT"src/platform.o" -o "src/platform.o" "../src/platform.c"
'Finished building: ../src/platform.c'
' '
'Building target: primavolta.elf'
'Invoking: MicroBlaze gcc linker'
mb-gcc -Wl,-T -Wl,../src/lscript.ld -L../../primavolta_bsp/microblaze_0/lib -mlittle-endian -mcpu=v11.0 -mxl-soft-mul -Wl,--no-relax -Wl,--gc-sections -o "primavolta.elf"  ./src/helloworld.o ./src/platform.o   -Wl,--start-group,-lxil,-lgcc,-lc,--end-group
'Finished building target: primavolta.elf'
' '
'Invoking: MicroBlaze Print Size'
mb-size primavolta.elf  |tee "primavolta.elf.size"
   text	   data	    bss	    dec	    hex	filename
   2556	    268	   3112	   5936	   1730	primavolta.elf
'Finished building: primavolta.elf.size'
' '
11:31:51 **** Clean-only build of configuration Debug for project primavolta ****
make clean 
rm -rf  ./src/helloworld.o ./src/platform.o  ./src/helloworld.d ./src/platform.d  primavolta.elf.size  primavolta.elf
' '
11:31:52 **** Auto Build of configuration Debug for project primavolta ****
make all 
'Building file: ../src/helloworld.c'
'Invoking: MicroBlaze gcc compiler'
mb-gcc -Wall -O0 -g3 -c -fmessage-length=0 -MT"src/helloworld.o" -I../../primavolta_bsp/microblaze_0/include -mlittle-endian -mcpu=v11.0 -mxl-soft-mul -Wl,--no-relax -ffunction-sections -fdata-sections -MMD -MP -MF"src/helloworld.d" -MT"src/helloworld.o" -o "src/helloworld.o" "../src/helloworld.c"
../src/helloworld.c: In function 'main':
../src/helloworld.c:62:13: warning: assignment to 'int *' from 'int' makes pointer from integer without a cast [-Wint-conversion]
     addr_tri=0x40000000 + 0x4;
             ^
../src/helloworld.c:63:14: warning: assignment to 'int *' from 'int' makes pointer from integer without a cast [-Wint-conversion]
     addr_data=0x40000000 + 0x0;
              ^
'Finished building: ../src/helloworld.c'
' '
'Building file: ../src/platform.c'
'Invoking: MicroBlaze gcc compiler'
mb-gcc -Wall -O0 -g3 -c -fmessage-length=0 -MT"src/platform.o" -I../../primavolta_bsp/microblaze_0/include -mlittle-endian -mcpu=v11.0 -mxl-soft-mul -Wl,--no-relax -ffunction-sections -fdata-sections -MMD -MP -MF"src/platform.d" -MT"src/platform.o" -o "src/platform.o" "../src/platform.c"
'Finished building: ../src/platform.c'
' '
'Building target: primavolta.elf'
'Invoking: MicroBlaze gcc linker'
mb-gcc -Wl,-T -Wl,../src/lscript.ld -L../../primavolta_bsp/microblaze_0/lib -mlittle-endian -mcpu=v11.0 -mxl-soft-mul -Wl,--no-relax -Wl,--gc-sections -o "primavolta.elf"  ./src/helloworld.o ./src/platform.o   -Wl,--start-group,-lxil,-lgcc,-lc,--end-group
'Finished building target: primavolta.elf'
' '
'Invoking: MicroBlaze Print Size'
mb-size primavolta.elf  |tee "primavolta.elf.size"
   text	   data	    bss	    dec	    hex	filename
   2744	    268	   3108	   6120	   17e8	primavolta.elf
'Finished building: primavolta.elf.size'
' '
17:18:46 **** Clean-only build of configuration Debug for project primavolta ****
make clean 
rm -rf  ./src/helloworld.o ./src/platform.o  ./src/helloworld.d ./src/platform.d  primavolta.elf.size  primavolta.elf
' '
17:18:47 **** Auto Build of configuration Debug for project primavolta ****
make all 
'Building file: ../src/helloworld.c'
'Invoking: MicroBlaze gcc compiler'
mb-gcc -Wall -O0 -g3 -c -fmessage-length=0 -MT"src/helloworld.o" -I../../primavolta_bsp/microblaze_0/include -mlittle-endian -mcpu=v11.0 -mxl-soft-mul -Wl,--no-relax -ffunction-sections -fdata-sections -MMD -MP -MF"src/helloworld.d" -MT"src/helloworld.o" -o "src/helloworld.o" "../src/helloworld.c"
../src/helloworld.c:50:10: fatal error: xil_printf.h: No such file or directory
 #include "xil_printf.h"
          ^~~~~~~~~~~~~~
compilation terminated.
make: *** [src/subdir.mk:26: src/helloworld.o] Error 1
17:19:59 **** Build of project seconda_bsp ****
make -k all 
"Running Make include in microblaze_0/libsrc/bram_v4_3/src"
make -C microblaze_0/libsrc/bram_v4_3/src -s include  "SHELL=CMD" "COMPILER=mb-gcc" "ARCHIVER=mb-ar" "COMPILER_FLAGS=  -O2 -c -mcpu=v11.0 -mlittle-endian -mxl-soft-mul" "EXTRA_COMPILER_FLAGS=-ffunction-sections -fdata-sections -Wall -Wextra"
"Running Make include in microblaze_0/libsrc/cpu_v2_9/src"
make -C microblaze_0/libsrc/cpu_v2_9/src -s include  "SHELL=CMD" "COMPILER=mb-gcc" "ARCHIVER=mb-ar" "COMPILER_FLAGS=  -O2 -c -mcpu=v11.0 -mlittle-endian -mxl-soft-mul" "EXTRA_COMPILER_FLAGS=-ffunction-sections -fdata-sections -Wall -Wextra"
"Running Make include in microblaze_0/libsrc/gpio_v4_4/src"
make -C microblaze_0/libsrc/gpio_v4_4/src -s include  "SHELL=CMD" "COMPILER=mb-gcc" "ARCHIVER=mb-ar" "COMPILER_FLAGS=  -O2 -c -mcpu=v11.0 -mlittle-endian -mxl-soft-mul" "EXTRA_COMPILER_FLAGS=-ffunction-sections -fdata-sections -Wall -Wextra"
"Running Make include in microblaze_0/libsrc/intc_v3_9/src"
make -C microblaze_0/libsrc/intc_v3_9/src -s include  "SHELL=CMD" "COMPILER=mb-gcc" "ARCHIVER=mb-ar" "COMPILER_FLAGS=  -O2 -c -mcpu=v11.0 -mlittle-endian -mxl-soft-mul" "EXTRA_COMPILER_FLAGS=-ffunction-sections -fdata-sections -Wall -Wextra"
"Running Make include in microblaze_0/libsrc/standalone_v7_0/src"
make -C microblaze_0/libsrc/standalone_v7_0/src -s include  "SHELL=CMD" "COMPILER=mb-gcc" "ARCHIVER=mb-ar" "COMPILER_FLAGS=  -O2 -c -mcpu=v11.0 -mlittle-endian -mxl-soft-mul" "EXTRA_COMPILER_FLAGS=-ffunction-sections -fdata-sections -Wall -Wextra"
"Running Make include in microblaze_0/libsrc/uartlite_v3_2/src"
make -C microblaze_0/libsrc/uartlite_v3_2/src -s include  "SHELL=CMD" "COMPILER=mb-gcc" "ARCHIVER=mb-ar" "COMPILER_FLAGS=  -O2 -c -mcpu=v11.0 -mlittle-endian -mxl-soft-mul" "EXTRA_COMPILER_FLAGS=-ffunction-sections -fdata-sections -Wall -Wextra"
"Running Make libs in microblaze_0/libsrc/bram_v4_3/src"
make -C microblaze_0/libsrc/bram_v4_3/src -s libs  "SHELL=CMD" "COMPILER=mb-gcc" "ARCHIVER=mb-ar" "COMPILER_FLAGS=  -O2 -c -mcpu=v11.0 -mlittle-endian -mxl-soft-mul" "EXTRA_COMPILER_FLAGS=-ffunction-sections -fdata-sections -Wall -Wextra"
"Compiling bram"
mb-ar: creating ../../../lib/libxil.a
"Running Make libs in microblaze_0/libsrc/cpu_v2_9/src"
make -C microblaze_0/libsrc/cpu_v2_9/src -s libs  "SHELL=CMD" "COMPILER=mb-gcc" "ARCHIVER=mb-ar" "COMPILER_FLAGS=  -O2 -c -mcpu=v11.0 -mlittle-endian -mxl-soft-mul" "EXTRA_COMPILER_FLAGS=-ffunction-sections -fdata-sections -Wall -Wextra"
"Compiling cpu"
"Running Make libs in microblaze_0/libsrc/gpio_v4_4/src"
make -C microblaze_0/libsrc/gpio_v4_4/src -s libs  "SHELL=CMD" "COMPILER=mb-gcc" "ARCHIVER=mb-ar" "COMPILER_FLAGS=  -O2 -c -mcpu=v11.0 -mlittle-endian -mxl-soft-mul" "EXTRA_COMPILER_FLAGS=-ffunction-sections -fdata-sections -Wall -Wextra"
"Compiling gpio"
"Running Make libs in microblaze_0/libsrc/intc_v3_9/src"
make -C microblaze_0/libsrc/intc_v3_9/src -s libs  "SHELL=CMD" "COMPILER=mb-gcc" "ARCHIVER=mb-ar" "COMPILER_FLAGS=  -O2 -c -mcpu=v11.0 -mlittle-endian -mxl-soft-mul" "EXTRA_COMPILER_FLAGS=-ffunction-sections -fdata-sections -Wall -Wextra"
"Compiling intc"
"Running Make libs in microblaze_0/libsrc/standalone_v7_0/src"
make -C microblaze_0/libsrc/standalone_v7_0/src -s libs  "SHELL=CMD" "COMPILER=mb-gcc" "ARCHIVER=mb-ar" "COMPILER_FLAGS=  -O2 -c -mcpu=v11.0 -mlittle-endian -mxl-soft-mul" "EXTRA_COMPILER_FLAGS=-ffunction-sections -fdata-sections -Wall -Wextra"
"Compiling standalone";
microblaze_sleep.c:77:9: note: #pragma message: For the sleep routines, assembly instructions are used
 #pragma message ("For the sleep routines, assembly instructions are used")
         ^~~~~~~
"Running Make libs in microblaze_0/libsrc/uartlite_v3_2/src"
make -C microblaze_0/libsrc/uartlite_v3_2/src -s libs  "SHELL=CMD" "COMPILER=mb-gcc" "ARCHIVER=mb-ar" "COMPILER_FLAGS=  -O2 -c -mcpu=v11.0 -mlittle-endian -mxl-soft-mul" "EXTRA_COMPILER_FLAGS=-ffunction-sections -fdata-sections -Wall -Wextra"
"Compiling uartlite"
'Finished building libraries'
17:20:11 **** Build of configuration Debug for project seconda ****
make all 
'Building file: ../src/helloworld.c'
'Invoking: MicroBlaze gcc compiler'
mb-gcc -Wall -O0 -g3 -c -fmessage-length=0 -MT"src/helloworld.o" -I../../seconda_bsp/microblaze_0/include -mlittle-endian -mcpu=v11.0 -mxl-soft-mul -Wl,--no-relax -ffunction-sections -fdata-sections -MMD -MP -MF"src/helloworld.d" -MT"src/helloworld.o" -o "src/helloworld.o" "../src/helloworld.c"
'Finished building: ../src/helloworld.c'
' '
'Building file: ../src/platform.c'
'Invoking: MicroBlaze gcc compiler'
mb-gcc -Wall -O0 -g3 -c -fmessage-length=0 -MT"src/platform.o" -I../../seconda_bsp/microblaze_0/include -mlittle-endian -mcpu=v11.0 -mxl-soft-mul -Wl,--no-relax -ffunction-sections -fdata-sections -MMD -MP -MF"src/platform.d" -MT"src/platform.o" -o "src/platform.o" "../src/platform.c"
'Finished building: ../src/platform.c'
' '
'Building target: seconda.elf'
'Invoking: MicroBlaze gcc linker'
mb-gcc -Wl,-T -Wl,../src/lscript.ld -L../../seconda_bsp/microblaze_0/lib -mlittle-endian -mcpu=v11.0 -mxl-soft-mul -Wl,--no-relax -Wl,--gc-sections -o "seconda.elf"  ./src/helloworld.o ./src/platform.o   -Wl,--start-group,-lxil,-lgcc,-lc,--end-group
'Finished building target: seconda.elf'
' '
'Invoking: MicroBlaze Print Size'
mb-size seconda.elf  |tee "seconda.elf.size"
   text	   data	    bss	    dec	    hex	filename
   3124	    320	   3108	   6552	   1998	seconda.elf
'Finished building: seconda.elf.size'
' '
17:20:27 **** Auto Build of configuration Debug for project seconda ****
make all 
'Building file: ../src/helloworld.c'
'Invoking: MicroBlaze gcc compiler'
mb-gcc -Wall -O0 -g3 -c -fmessage-length=0 -MT"src/helloworld.o" -I../../seconda_bsp/microblaze_0/include -mlittle-endian -mcpu=v11.0 -mxl-soft-mul -Wl,--no-relax -ffunction-sections -fdata-sections -MMD -MP -MF"src/helloworld.d" -MT"src/helloworld.o" -o "src/helloworld.o" "../src/helloworld.c"
../src/helloworld.c: In function 'main':
../src/helloworld.c:64:13: warning: assignment to 'int *' from 'int' makes pointer from integer without a cast [-Wint-conversion]
     addr_tri=0x40000000 + 0x4;
             ^
../src/helloworld.c:65:14: warning: assignment to 'int *' from 'int' makes pointer from integer without a cast [-Wint-conversion]
     addr_data=0x40000000 + 0x0;
              ^
../src/helloworld.c:66:22: warning: assignment to 'int *' from 'int' makes pointer from integer without a cast [-Wint-conversion]
     addr_tri_switches= 0x40020000 + 0x4;
                      ^
../src/helloworld.c:67:23: warning: assignment to 'int *' from 'int' makes pointer from integer without a cast [-Wint-conversion]
     addr_data_switches= 0x40020000 + 0x0;
                       ^
'Finished building: ../src/helloworld.c'
' '
'Building target: seconda.elf'
'Invoking: MicroBlaze gcc linker'
mb-gcc -Wl,-T -Wl,../src/lscript.ld -L../../seconda_bsp/microblaze_0/lib -mlittle-endian -mcpu=v11.0 -mxl-soft-mul -Wl,--no-relax -Wl,--gc-sections -o "seconda.elf"  ./src/helloworld.o ./src/platform.o   -Wl,--start-group,-lxil,-lgcc,-lc,--end-group
'Finished building target: seconda.elf'
' '
'Invoking: MicroBlaze Print Size'
mb-size seconda.elf  |tee "seconda.elf.size"
   text	   data	    bss	    dec	    hex	filename
   2832	    320	   3104	   6256	   1870	seconda.elf
'Finished building: seconda.elf.size'
' '
17:30:30 **** Auto Build of configuration Debug for project seconda ****
make all 
'Building file: ../src/helloworld.c'
'Invoking: MicroBlaze gcc compiler'
mb-gcc -Wall -O0 -g3 -c -fmessage-length=0 -MT"src/helloworld.o" -I../../seconda_bsp/microblaze_0/include -mlittle-endian -mcpu=v11.0 -mxl-soft-mul -Wl,--no-relax -ffunction-sections -fdata-sections -MMD -MP -MF"src/helloworld.d" -MT"src/helloworld.o" -o "src/helloworld.o" "../src/helloworld.c"
../src/helloworld.c: In function 'main':
../src/helloworld.c:64:13: warning: assignment to 'int *' from 'int' makes pointer from integer without a cast [-Wint-conversion]
     addr_tri=0x40000000 + 0x4;
             ^
../src/helloworld.c:65:14: warning: assignment to 'int *' from 'int' makes pointer from integer without a cast [-Wint-conversion]
     addr_data=0x40000000 + 0x0;
              ^
../src/helloworld.c:66:22: warning: assignment to 'int *' from 'int' makes pointer from integer without a cast [-Wint-conversion]
     addr_tri_switches= 0x40020000 + 0x4;
                      ^
../src/helloworld.c:67:23: warning: assignment to 'int *' from 'int' makes pointer from integer without a cast [-Wint-conversion]
     addr_data_switches= 0x40020000 + 0x0;
                       ^
../src/helloworld.c:69:5: error: invalid type argument of unary '*' (have 'int')
     *(0x4002012C)
     ^~~~~~~~~~~~~
make: *** [src/subdir.mk:26: src/helloworld.o] Error 1
17:34:17 **** Auto Build of configuration Debug for project seconda ****
make all 
'Building file: ../src/helloworld.c'
'Invoking: MicroBlaze gcc compiler'
mb-gcc -Wall -O0 -g3 -c -fmessage-length=0 -MT"src/helloworld.o" -I../../seconda_bsp/microblaze_0/include -mlittle-endian -mcpu=v11.0 -mxl-soft-mul -Wl,--no-relax -ffunction-sections -fdata-sections -MMD -MP -MF"src/helloworld.d" -MT"src/helloworld.o" -o "src/helloworld.o" "../src/helloworld.c"
../src/helloworld.c: In function 'main':
../src/helloworld.c:64:13: warning: assignment to 'int *' from 'int' makes pointer from integer without a cast [-Wint-conversion]
     addr_tri=0x40000000 + 0x4;
             ^
../src/helloworld.c:65:14: warning: assignment to 'int *' from 'int' makes pointer from integer without a cast [-Wint-conversion]
     addr_data=0x40000000 + 0x0;
              ^
../src/helloworld.c:66:22: warning: assignment to 'int *' from 'int' makes pointer from integer without a cast [-Wint-conversion]
     addr_tri_switches= 0x40020000 + 0x4;
                      ^
../src/helloworld.c:67:23: warning: assignment to 'int *' from 'int' makes pointer from integer without a cast [-Wint-conversion]
     addr_data_switches= 0x40020000 + 0x0;
                       ^
../src/helloworld.c:69:5: error: invalid type argument of unary '*' (have 'int')
     *(0x40020128)=0x1;
     ^~~~~~~~~~~~~
../src/helloworld.c:70:2: error: invalid type argument of unary '*' (have 'int')
  *(0x4002011C)=0x80000000;
  ^~~~~~~~~~~~~
make: *** [src/subdir.mk:26: src/helloworld.o] Error 1
17:34:47 **** Auto Build of configuration Debug for project seconda ****
make all 
'Building file: ../src/helloworld.c'
'Invoking: MicroBlaze gcc compiler'
mb-gcc -Wall -O0 -g3 -c -fmessage-length=0 -MT"src/helloworld.o" -I../../seconda_bsp/microblaze_0/include -mlittle-endian -mcpu=v11.0 -mxl-soft-mul -Wl,--no-relax -ffunction-sections -fdata-sections -MMD -MP -MF"src/helloworld.d" -MT"src/helloworld.o" -o "src/helloworld.o" "../src/helloworld.c"
../src/helloworld.c: In function 'main':
../src/helloworld.c:64:13: warning: assignment to 'int *' from 'int' makes pointer from integer without a cast [-Wint-conversion]
     addr_tri=0x40000000 + 0x4;
             ^
../src/helloworld.c:65:14: warning: assignment to 'int *' from 'int' makes pointer from integer without a cast [-Wint-conversion]
     addr_data=0x40000000 + 0x0;
              ^
../src/helloworld.c:66:22: warning: assignment to 'int *' from 'int' makes pointer from integer without a cast [-Wint-conversion]
     addr_tri_switches= 0x40020000 + 0x4;
                      ^
../src/helloworld.c:67:23: warning: assignment to 'int *' from 'int' makes pointer from integer without a cast [-Wint-conversion]
     addr_data_switches= 0x40020000 + 0x0;
                       ^
'Finished building: ../src/helloworld.c'
' '
'Building target: seconda.elf'
'Invoking: MicroBlaze gcc linker'
mb-gcc -Wl,-T -Wl,../src/lscript.ld -L../../seconda_bsp/microblaze_0/lib -mlittle-endian -mcpu=v11.0 -mxl-soft-mul -Wl,--no-relax -Wl,--gc-sections -o "seconda.elf"  ./src/helloworld.o ./src/platform.o   -Wl,--start-group,-lxil,-lgcc,-lc,--end-group
'Finished building target: seconda.elf'
' '
'Invoking: MicroBlaze Print Size'
mb-size seconda.elf  |tee "seconda.elf.size"
   text	   data	    bss	    dec	    hex	filename
   2868	    320	   3108	   6296	   1898	seconda.elf
'Finished building: seconda.elf.size'
' '
17:37:42 **** Auto Build of configuration Debug for project seconda ****
make all 
'Building file: ../src/helloworld.c'
'Invoking: MicroBlaze gcc compiler'
mb-gcc -Wall -O0 -g3 -c -fmessage-length=0 -MT"src/helloworld.o" -I../../seconda_bsp/microblaze_0/include -mlittle-endian -mcpu=v11.0 -mxl-soft-mul -Wl,--no-relax -ffunction-sections -fdata-sections -MMD -MP -MF"src/helloworld.d" -MT"src/helloworld.o" -o "src/helloworld.o" "../src/helloworld.c"
../src/helloworld.c: In function 'main':
../src/helloworld.c:64:13: warning: assignment to 'int *' from 'int' makes pointer from integer without a cast [-Wint-conversion]
     addr_tri=0x40000000 + 0x4;
             ^
../src/helloworld.c:65:14: warning: assignment to 'int *' from 'int' makes pointer from integer without a cast [-Wint-conversion]
     addr_data=0x40000000 + 0x0;
              ^
../src/helloworld.c:66:22: warning: assignment to 'int *' from 'int' makes pointer from integer without a cast [-Wint-conversion]
     addr_tri_switches= 0x40020000 + 0x4;
                      ^
../src/helloworld.c:67:23: warning: assignment to 'int *' from 'int' makes pointer from integer without a cast [-Wint-conversion]
     addr_data_switches= 0x40020000 + 0x0;
                       ^
../src/helloworld.c:62:11: warning: variable 'addr_data_switches' set but not used [-Wunused-but-set-variable]
     int * addr_data_switches;
           ^~~~~~~~~~~~~~~~~~
../src/helloworld.c:60:11: warning: variable 'addr_data' set but not used [-Wunused-but-set-variable]
     int * addr_data;
           ^~~~~~~~~
'Finished building: ../src/helloworld.c'
' '
'Building target: seconda.elf'
'Invoking: MicroBlaze gcc linker'
mb-gcc -Wl,-T -Wl,../src/lscript.ld -L../../seconda_bsp/microblaze_0/lib -mlittle-endian -mcpu=v11.0 -mxl-soft-mul -Wl,--no-relax -Wl,--gc-sections -o "seconda.elf"  ./src/helloworld.o ./src/platform.o   -Wl,--start-group,-lxil,-lgcc,-lc,--end-group
'Finished building target: seconda.elf'
' '
'Invoking: MicroBlaze Print Size'
mb-size seconda.elf  |tee "seconda.elf.size"
   text	   data	    bss	    dec	    hex	filename
   3260	    320	   3108	   6688	   1a20	seconda.elf
'Finished building: seconda.elf.size'
' '
17:40:34 **** Auto Build of configuration Debug for project seconda ****
make all 
'Building file: ../src/helloworld.c'
'Invoking: MicroBlaze gcc compiler'
mb-gcc -Wall -O0 -g3 -c -fmessage-length=0 -MT"src/helloworld.o" -I../../seconda_bsp/microblaze_0/include -mlittle-endian -mcpu=v11.0 -mxl-soft-mul -Wl,--no-relax -ffunction-sections -fdata-sections -MMD -MP -MF"src/helloworld.d" -MT"src/helloworld.o" -o "src/helloworld.o" "../src/helloworld.c"
../src/helloworld.c: In function 'myISR':
../src/helloworld.c:58:3: error: 'addr_data' undeclared (first use in this function); did you mean 'caddr_t'?
  *addr_data=*addr_data_switches;
   ^~~~~~~~~
   caddr_t
../src/helloworld.c:58:3: note: each undeclared identifier is reported only once for each function it appears in
../src/helloworld.c:58:14: error: 'addr_data_switches' undeclared (first use in this function)
  *addr_data=*addr_data_switches;
              ^~~~~~~~~~~~~~~~~~
../src/helloworld.c: In function 'main':
../src/helloworld.c:73:13: warning: assignment to 'int *' from 'int' makes pointer from integer without a cast [-Wint-conversion]
     addr_tri=0x40000000 + 0x4;
             ^
../src/helloworld.c:74:14: warning: assignment to 'int *' from 'int' makes pointer from integer without a cast [-Wint-conversion]
     addr_data=0x40000000 + 0x0;
              ^
../src/helloworld.c:75:22: warning: assignment to 'int *' from 'int' makes pointer from integer without a cast [-Wint-conversion]
     addr_tri_switches= 0x40020000 + 0x4;
                      ^
../src/helloworld.c:76:23: warning: assignment to 'int *' from 'int' makes pointer from integer without a cast [-Wint-conversion]
     addr_data_switches= 0x40020000 + 0x0;
                       ^
../src/helloworld.c:71:11: warning: variable 'addr_data_switches' set but not used [-Wunused-but-set-variable]
     int * addr_data_switches;
           ^~~~~~~~~~~~~~~~~~
../src/helloworld.c:69:11: warning: variable 'addr_data' set but not used [-Wunused-but-set-variable]
     int * addr_data;
           ^~~~~~~~~
make: *** [src/subdir.mk:26: src/helloworld.o] Error 1
17:42:41 **** Auto Build of configuration Debug for project seconda ****
make all 
'Building file: ../src/helloworld.c'
'Invoking: MicroBlaze gcc compiler'
mb-gcc -Wall -O0 -g3 -c -fmessage-length=0 -MT"src/helloworld.o" -I../../seconda_bsp/microblaze_0/include -mlittle-endian -mcpu=v11.0 -mxl-soft-mul -Wl,--no-relax -ffunction-sections -fdata-sections -MMD -MP -MF"src/helloworld.d" -MT"src/helloworld.o" -o "src/helloworld.o" "../src/helloworld.c"
../src/helloworld.c: In function 'main':
../src/helloworld.c:72:13: warning: assignment to 'int *' from 'int' makes pointer from integer without a cast [-Wint-conversion]
     addr_tri=0x40000000 + 0x4;
             ^
../src/helloworld.c:73:14: warning: assignment to 'int *' from 'int' makes pointer from integer without a cast [-Wint-conversion]
     addr_data=0x40000000 + 0x0;
              ^
../src/helloworld.c:74:22: warning: assignment to 'int *' from 'int' makes pointer from integer without a cast [-Wint-conversion]
     addr_tri_switches= 0x40020000 + 0x4;
                      ^
../src/helloworld.c:75:23: warning: assignment to 'int *' from 'int' makes pointer from integer without a cast [-Wint-conversion]
     addr_data_switches= 0x40020000 + 0x0;
                       ^
../src/helloworld.c:70:11: warning: variable 'addr_data_switches' set but not used [-Wunused-but-set-variable]
     int * addr_data_switches;
           ^~~~~~~~~~~~~~~~~~
../src/helloworld.c:68:11: warning: variable 'addr_data' set but not used [-Wunused-but-set-variable]
     int * addr_data;
           ^~~~~~~~~
'Finished building: ../src/helloworld.c'
' '
'Building target: seconda.elf'
'Invoking: MicroBlaze gcc linker'
mb-gcc -Wl,-T -Wl,../src/lscript.ld -L../../seconda_bsp/microblaze_0/lib -mlittle-endian -mcpu=v11.0 -mxl-soft-mul -Wl,--no-relax -Wl,--gc-sections -o "seconda.elf"  ./src/helloworld.o ./src/platform.o   -Wl,--start-group,-lxil,-lgcc,-lc,--end-group
'Finished building target: seconda.elf'
' '
'Invoking: MicroBlaze Print Size'
mb-size seconda.elf  |tee "seconda.elf.size"
   text	   data	    bss	    dec	    hex	filename
   2816	    260	   3108	   6184	   1828	seconda.elf
'Finished building: seconda.elf.size'
' '
17:42:47 **** Incremental Build of configuration Debug for project seconda ****
make all 
make: Nothing to be done for 'all'.
17:43:53 **** Auto Build of configuration Debug for project seconda ****
make all 
'Building file: ../src/helloworld.c'
'Invoking: MicroBlaze gcc compiler'
mb-gcc -Wall -O0 -g3 -c -fmessage-length=0 -MT"src/helloworld.o" -I../../seconda_bsp/microblaze_0/include -mlittle-endian -mcpu=v11.0 -mxl-soft-mul -Wl,--no-relax -ffunction-sections -fdata-sections -MMD -MP -MF"src/helloworld.d" -MT"src/helloworld.o" -o "src/helloworld.o" "../src/helloworld.c"
../src/helloworld.c: In function 'main':
../src/helloworld.c:73:13: warning: assignment to 'int *' from 'int' makes pointer from integer without a cast [-Wint-conversion]
     addr_tri=0x40000000 + 0x4;
             ^
../src/helloworld.c:74:14: warning: assignment to 'int *' from 'int' makes pointer from integer without a cast [-Wint-conversion]
     addr_data=0x40000000 + 0x0;
              ^
../src/helloworld.c:75:22: warning: assignment to 'int *' from 'int' makes pointer from integer without a cast [-Wint-conversion]
     addr_tri_switches= 0x40020000 + 0x4;
                      ^
../src/helloworld.c:76:23: warning: assignment to 'int *' from 'int' makes pointer from integer without a cast [-Wint-conversion]
     addr_data_switches= 0x40020000 + 0x0;
                       ^
../src/helloworld.c:71:11: warning: variable 'addr_data_switches' set but not used [-Wunused-but-set-variable]
     int * addr_data_switches;
           ^~~~~~~~~~~~~~~~~~
../src/helloworld.c:69:11: warning: variable 'addr_data' set but not used [-Wunused-but-set-variable]
     int * addr_data;
           ^~~~~~~~~
'Finished building: ../src/helloworld.c'
' '
'Building target: seconda.elf'
'Invoking: MicroBlaze gcc linker'
mb-gcc -Wl,-T -Wl,../src/lscript.ld -L../../seconda_bsp/microblaze_0/lib -mlittle-endian -mcpu=v11.0 -mxl-soft-mul -Wl,--no-relax -Wl,--gc-sections -o "seconda.elf"  ./src/helloworld.o ./src/platform.o   -Wl,--start-group,-lxil,-lgcc,-lc,--end-group
'Finished building target: seconda.elf'
' '
'Invoking: MicroBlaze Print Size'
mb-size seconda.elf  |tee "seconda.elf.size"
   text	   data	    bss	    dec	    hex	filename
   2880	    260	   3108	   6248	   1868	seconda.elf
'Finished building: seconda.elf.size'
' '
17:44:23 **** Auto Build of configuration Debug for project seconda ****
make all 
'Building file: ../src/helloworld.c'
'Invoking: MicroBlaze gcc compiler'
mb-gcc -Wall -O0 -g3 -c -fmessage-length=0 -MT"src/helloworld.o" -I../../seconda_bsp/microblaze_0/include -mlittle-endian -mcpu=v11.0 -mxl-soft-mul -Wl,--no-relax -ffunction-sections -fdata-sections -MMD -MP -MF"src/helloworld.d" -MT"src/helloworld.o" -o "src/helloworld.o" "../src/helloworld.c"
../src/helloworld.c: In function 'main':
../src/helloworld.c:73:13: warning: assignment to 'int *' from 'int' makes pointer from integer without a cast [-Wint-conversion]
     addr_tri=0x40000000 + 0x4;
             ^
../src/helloworld.c:74:14: warning: assignment to 'int *' from 'int' makes pointer from integer without a cast [-Wint-conversion]
     addr_data=0x40000000 + 0x0;
              ^
../src/helloworld.c:75:22: warning: assignment to 'int *' from 'int' makes pointer from integer without a cast [-Wint-conversion]
     addr_tri_switches= 0x40020000 + 0x4;
                      ^
../src/helloworld.c:76:23: warning: assignment to 'int *' from 'int' makes pointer from integer without a cast [-Wint-conversion]
     addr_data_switches= 0x40020000 + 0x0;
                       ^
../src/helloworld.c:71:11: warning: variable 'addr_data_switches' set but not used [-Wunused-but-set-variable]
     int * addr_data_switches;
           ^~~~~~~~~~~~~~~~~~
../src/helloworld.c:69:11: warning: variable 'addr_data' set but not used [-Wunused-but-set-variable]
     int * addr_data;
           ^~~~~~~~~
'Finished building: ../src/helloworld.c'
' '
'Building target: seconda.elf'
'Invoking: MicroBlaze gcc linker'
mb-gcc -Wl,-T -Wl,../src/lscript.ld -L../../seconda_bsp/microblaze_0/lib -mlittle-endian -mcpu=v11.0 -mxl-soft-mul -Wl,--no-relax -Wl,--gc-sections -o "seconda.elf"  ./src/helloworld.o ./src/platform.o   -Wl,--start-group,-lxil,-lgcc,-lc,--end-group
'Finished building target: seconda.elf'
' '
'Invoking: MicroBlaze Print Size'
mb-size seconda.elf  |tee "seconda.elf.size"
   text	   data	    bss	    dec	    hex	filename
   2880	    260	   3108	   6248	   1868	seconda.elf
'Finished building: seconda.elf.size'
' '
17:44:29 **** Incremental Build of configuration Debug for project seconda ****
make all 
make: Nothing to be done for 'all'.
17:46:43 **** Auto Build of configuration Debug for project seconda ****
make all 
'Building file: ../src/helloworld.c'
'Invoking: MicroBlaze gcc compiler'
mb-gcc -Wall -O0 -g3 -c -fmessage-length=0 -MT"src/helloworld.o" -I../../seconda_bsp/microblaze_0/include -mlittle-endian -mcpu=v11.0 -mxl-soft-mul -Wl,--no-relax -ffunction-sections -fdata-sections -MMD -MP -MF"src/helloworld.d" -MT"src/helloworld.o" -o "src/helloworld.o" "../src/helloworld.c"
../src/helloworld.c: In function 'main':
../src/helloworld.c:66:5: warning: implicit declaration of function 'microblaze_enable_interrupts' [-Wimplicit-function-declaration]
     microblaze_enable_interrupts ();
     ^~~~~~~~~~~~~~~~~~~~~~~~~~~~
../src/helloworld.c:73:13: warning: assignment to 'int *' from 'int' makes pointer from integer without a cast [-Wint-conversion]
     addr_tri=0x40000000 + 0x4;
             ^
../src/helloworld.c:74:14: warning: assignment to 'int *' from 'int' makes pointer from integer without a cast [-Wint-conversion]
     addr_data=0x40000000 + 0x0;
              ^
../src/helloworld.c:75:22: warning: assignment to 'int *' from 'int' makes pointer from integer without a cast [-Wint-conversion]
     addr_tri_switches= 0x40020000 + 0x4;
                      ^
../src/helloworld.c:76:23: warning: assignment to 'int *' from 'int' makes pointer from integer without a cast [-Wint-conversion]
     addr_data_switches= 0x40020000 + 0x0;
                       ^
../src/helloworld.c:71:11: warning: variable 'addr_data_switches' set but not used [-Wunused-but-set-variable]
     int * addr_data_switches;
           ^~~~~~~~~~~~~~~~~~
../src/helloworld.c:69:11: warning: variable 'addr_data' set but not used [-Wunused-but-set-variable]
     int * addr_data;
           ^~~~~~~~~
'Finished building: ../src/helloworld.c'
' '
'Building target: seconda.elf'
'Invoking: MicroBlaze gcc linker'
mb-gcc -Wl,-T -Wl,../src/lscript.ld -L../../seconda_bsp/microblaze_0/lib -mlittle-endian -mcpu=v11.0 -mxl-soft-mul -Wl,--no-relax -Wl,--gc-sections -o "seconda.elf"  ./src/helloworld.o ./src/platform.o   -Wl,--start-group,-lxil,-lgcc,-lc,--end-group
'Finished building target: seconda.elf'
' '
'Invoking: MicroBlaze Print Size'
mb-size seconda.elf  |tee "seconda.elf.size"
   text	   data	    bss	    dec	    hex	filename
   2912	    260	   3108	   6280	   1888	seconda.elf
'Finished building: seconda.elf.size'
' '
17:46:49 **** Incremental Build of configuration Debug for project seconda ****
make all 
make: Nothing to be done for 'all'.
17:47:08 **** Auto Build of configuration Debug for project seconda ****
make all 
'Building file: ../src/helloworld.c'
'Invoking: MicroBlaze gcc compiler'
mb-gcc -Wall -O0 -g3 -c -fmessage-length=0 -MT"src/helloworld.o" -I../../seconda_bsp/microblaze_0/include -mlittle-endian -mcpu=v11.0 -mxl-soft-mul -Wl,--no-relax -ffunction-sections -fdata-sections -MMD -MP -MF"src/helloworld.d" -MT"src/helloworld.o" -o "src/helloworld.o" "../src/helloworld.c"
../src/helloworld.c: In function 'main':
../src/helloworld.c:66:5: warning: implicit declaration of function 'microblaze_enable_interrupts' [-Wimplicit-function-declaration]
     microblaze_enable_interrupts();
     ^~~~~~~~~~~~~~~~~~~~~~~~~~~~
../src/helloworld.c:73:13: warning: assignment to 'int *' from 'int' makes pointer from integer without a cast [-Wint-conversion]
     addr_tri=0x40000000 + 0x4;
             ^
../src/helloworld.c:74:14: warning: assignment to 'int *' from 'int' makes pointer from integer without a cast [-Wint-conversion]
     addr_data=0x40000000 + 0x0;
              ^
../src/helloworld.c:75:22: warning: assignment to 'int *' from 'int' makes pointer from integer without a cast [-Wint-conversion]
     addr_tri_switches= 0x40020000 + 0x4;
                      ^
../src/helloworld.c:76:23: warning: assignment to 'int *' from 'int' makes pointer from integer without a cast [-Wint-conversion]
     addr_data_switches= 0x40020000 + 0x0;
                       ^
../src/helloworld.c:71:11: warning: variable 'addr_data_switches' set but not used [-Wunused-but-set-variable]
     int * addr_data_switches;
           ^~~~~~~~~~~~~~~~~~
../src/helloworld.c:69:11: warning: variable 'addr_data' set but not used [-Wunused-but-set-variable]
     int * addr_data;
           ^~~~~~~~~
'Finished building: ../src/helloworld.c'
' '
'Building target: seconda.elf'
'Invoking: MicroBlaze gcc linker'
mb-gcc -Wl,-T -Wl,../src/lscript.ld -L../../seconda_bsp/microblaze_0/lib -mlittle-endian -mcpu=v11.0 -mxl-soft-mul -Wl,--no-relax -Wl,--gc-sections -o "seconda.elf"  ./src/helloworld.o ./src/platform.o   -Wl,--start-group,-lxil,-lgcc,-lc,--end-group
'Finished building target: seconda.elf'
' '
'Invoking: MicroBlaze Print Size'
mb-size seconda.elf  |tee "seconda.elf.size"
   text	   data	    bss	    dec	    hex	filename
   2912	    260	   3108	   6280	   1888	seconda.elf
'Finished building: seconda.elf.size'
' '
17:47:14 **** Incremental Build of configuration Debug for project seconda ****
make all 
make: Nothing to be done for 'all'.
17:47:29 **** Incremental Build of configuration Debug for project seconda ****
make all 
make: Nothing to be done for 'all'.
17:49:28 **** Auto Build of configuration Debug for project seconda ****
make all 
'Building file: ../src/helloworld.c'
'Invoking: MicroBlaze gcc compiler'
mb-gcc -Wall -O0 -g3 -c -fmessage-length=0 -MT"src/helloworld.o" -I../../seconda_bsp/microblaze_0/include -mlittle-endian -mcpu=v11.0 -mxl-soft-mul -Wl,--no-relax -ffunction-sections -fdata-sections -MMD -MP -MF"src/helloworld.d" -MT"src/helloworld.o" -o "src/helloworld.o" "../src/helloworld.c"
../src/helloworld.c: In function 'main':
../src/helloworld.c:66:5: warning: implicit declaration of function 'microblaze_enable_interrupts' [-Wimplicit-function-declaration]
     microblaze_enable_interrupts();
     ^~~~~~~~~~~~~~~~~~~~~~~~~~~~
../src/helloworld.c:73:13: warning: assignment to 'int *' from 'int' makes pointer from integer without a cast [-Wint-conversion]
     addr_tri=0x40000000 + 0x4;
             ^
../src/helloworld.c:74:14: warning: assignment to 'int *' from 'int' makes pointer from integer without a cast [-Wint-conversion]
     addr_data=0x40000000 + 0x0;
              ^
../src/helloworld.c:75:22: warning: assignment to 'int *' from 'int' makes pointer from integer without a cast [-Wint-conversion]
     addr_tri_switches= 0x40020000 + 0x4;
                      ^
../src/helloworld.c:76:23: warning: assignment to 'int *' from 'int' makes pointer from integer without a cast [-Wint-conversion]
     addr_data_switches= 0x40020000 + 0x0;
                       ^
../src/helloworld.c:71:11: warning: variable 'addr_data_switches' set but not used [-Wunused-but-set-variable]
     int * addr_data_switches;
           ^~~~~~~~~~~~~~~~~~
../src/helloworld.c:69:11: warning: variable 'addr_data' set but not used [-Wunused-but-set-variable]
     int * addr_data;
           ^~~~~~~~~
'Finished building: ../src/helloworld.c'
' '
'Building target: seconda.elf'
'Invoking: MicroBlaze gcc linker'
mb-gcc -Wl,-T -Wl,../src/lscript.ld -L../../seconda_bsp/microblaze_0/lib -mlittle-endian -mcpu=v11.0 -mxl-soft-mul -Wl,--no-relax -Wl,--gc-sections -o "seconda.elf"  ./src/helloworld.o ./src/platform.o   -Wl,--start-group,-lxil,-lgcc,-lc,--end-group
'Finished building target: seconda.elf'
' '
'Invoking: MicroBlaze Print Size'
mb-size seconda.elf  |tee "seconda.elf.size"
   text	   data	    bss	    dec	    hex	filename
   2536	    260	   3108	   5904	   1710	seconda.elf
'Finished building: seconda.elf.size'
' '
17:49:36 **** Incremental Build of configuration Debug for project seconda ****
make all 
make: Nothing to be done for 'all'.
17:50:19 **** Auto Build of configuration Debug for project seconda ****
make all 
'Building file: ../src/helloworld.c'
'Invoking: MicroBlaze gcc compiler'
mb-gcc -Wall -O0 -g3 -c -fmessage-length=0 -MT"src/helloworld.o" -I../../seconda_bsp/microblaze_0/include -mlittle-endian -mcpu=v11.0 -mxl-soft-mul -Wl,--no-relax -ffunction-sections -fdata-sections -MMD -MP -MF"src/helloworld.d" -MT"src/helloworld.o" -o "src/helloworld.o" "../src/helloworld.c"
../src/helloworld.c: In function 'main':
../src/helloworld.c:67:5: warning: implicit declaration of function 'microblaze_enable_interrupts' [-Wimplicit-function-declaration]
     microblaze_enable_interrupts();
     ^~~~~~~~~~~~~~~~~~~~~~~~~~~~
../src/helloworld.c:74:13: warning: assignment to 'int *' from 'int' makes pointer from integer without a cast [-Wint-conversion]
     addr_tri=0x40000000 + 0x4;
             ^
../src/helloworld.c:75:14: warning: assignment to 'int *' from 'int' makes pointer from integer without a cast [-Wint-conversion]
     addr_data=0x40000000 + 0x0;
              ^
../src/helloworld.c:76:22: warning: assignment to 'int *' from 'int' makes pointer from integer without a cast [-Wint-conversion]
     addr_tri_switches= 0x40020000 + 0x4;
                      ^
../src/helloworld.c:77:23: warning: assignment to 'int *' from 'int' makes pointer from integer without a cast [-Wint-conversion]
     addr_data_switches= 0x40020000 + 0x0;
                       ^
../src/helloworld.c:72:11: warning: variable 'addr_data_switches' set but not used [-Wunused-but-set-variable]
     int * addr_data_switches;
           ^~~~~~~~~~~~~~~~~~
../src/helloworld.c:70:11: warning: variable 'addr_data' set but not used [-Wunused-but-set-variable]
     int * addr_data;
           ^~~~~~~~~
'Finished building: ../src/helloworld.c'
' '
'Building target: seconda.elf'
'Invoking: MicroBlaze gcc linker'
mb-gcc -Wl,-T -Wl,../src/lscript.ld -L../../seconda_bsp/microblaze_0/lib -mlittle-endian -mcpu=v11.0 -mxl-soft-mul -Wl,--no-relax -Wl,--gc-sections -o "seconda.elf"  ./src/helloworld.o ./src/platform.o   -Wl,--start-group,-lxil,-lgcc,-lc,--end-group
'Finished building target: seconda.elf'
' '
'Invoking: MicroBlaze Print Size'
mb-size seconda.elf  |tee "seconda.elf.size"
   text	   data	    bss	    dec	    hex	filename
   2556	    260	   3112	   5928	   1728	seconda.elf
'Finished building: seconda.elf.size'
' '
17:50:28 **** Incremental Build of configuration Debug for project seconda ****
make all 
make: Nothing to be done for 'all'.
17:51:22 **** Auto Build of configuration Debug for project seconda ****
make all 
'Building file: ../src/helloworld.c'
'Invoking: MicroBlaze gcc compiler'
mb-gcc -Wall -O0 -g3 -c -fmessage-length=0 -MT"src/helloworld.o" -I../../seconda_bsp/microblaze_0/include -mlittle-endian -mcpu=v11.0 -mxl-soft-mul -Wl,--no-relax -ffunction-sections -fdata-sections -MMD -MP -MF"src/helloworld.d" -MT"src/helloworld.o" -o "src/helloworld.o" "../src/helloworld.c"
../src/helloworld.c: In function 'main':
../src/helloworld.c:67:5: warning: implicit declaration of function 'microblaze_enable_interrupts' [-Wimplicit-function-declaration]
     microblaze_enable_interrupts();
     ^~~~~~~~~~~~~~~~~~~~~~~~~~~~
../src/helloworld.c:74:13: warning: assignment to 'int *' from 'int' makes pointer from integer without a cast [-Wint-conversion]
     addr_tri=0x40000000 + 0x4;
             ^
../src/helloworld.c:75:14: warning: assignment to 'int *' from 'int' makes pointer from integer without a cast [-Wint-conversion]
     addr_data=0x40000000 + 0x0;
              ^
../src/helloworld.c:76:22: warning: assignment to 'int *' from 'int' makes pointer from integer without a cast [-Wint-conversion]
     addr_tri_switches= 0x40020000 + 0x4;
                      ^
../src/helloworld.c:77:23: warning: assignment to 'int *' from 'int' makes pointer from integer without a cast [-Wint-conversion]
     addr_data_switches= 0x40020000 + 0x0;
                       ^
../src/helloworld.c:72:11: warning: variable 'addr_data_switches' set but not used [-Wunused-but-set-variable]
     int * addr_data_switches;
           ^~~~~~~~~~~~~~~~~~
../src/helloworld.c:70:11: warning: variable 'addr_data' set but not used [-Wunused-but-set-variable]
     int * addr_data;
           ^~~~~~~~~
'Finished building: ../src/helloworld.c'
' '
'Building target: seconda.elf'
'Invoking: MicroBlaze gcc linker'
mb-gcc -Wl,-T -Wl,../src/lscript.ld -L../../seconda_bsp/microblaze_0/lib -mlittle-endian -mcpu=v11.0 -mxl-soft-mul -Wl,--no-relax -Wl,--gc-sections -o "seconda.elf"  ./src/helloworld.o ./src/platform.o   -Wl,--start-group,-lxil,-lgcc,-lc,--end-group
'Finished building target: seconda.elf'
' '
'Invoking: MicroBlaze Print Size'
mb-size seconda.elf  |tee "seconda.elf.size"
   text	   data	    bss	    dec	    hex	filename
   2592	    260	   3108	   5960	   1748	seconda.elf
'Finished building: seconda.elf.size'
' '
17:51:31 **** Incremental Build of configuration Debug for project seconda ****
make all 
make: Nothing to be done for 'all'.
17:52:31 **** Auto Build of configuration Debug for project seconda ****
make all 
'Building file: ../src/helloworld.c'
'Invoking: MicroBlaze gcc compiler'
mb-gcc -Wall -O0 -g3 -c -fmessage-length=0 -MT"src/helloworld.o" -I../../seconda_bsp/microblaze_0/include -mlittle-endian -mcpu=v11.0 -mxl-soft-mul -Wl,--no-relax -ffunction-sections -fdata-sections -MMD -MP -MF"src/helloworld.d" -MT"src/helloworld.o" -o "src/helloworld.o" "../src/helloworld.c"
../src/helloworld.c: In function 'main':
../src/helloworld.c:67:5: warning: implicit declaration of function 'microblaze_enable_interrupts' [-Wimplicit-function-declaration]
     microblaze_enable_interrupts();
     ^~~~~~~~~~~~~~~~~~~~~~~~~~~~
../src/helloworld.c:74:13: warning: assignment to 'int *' from 'int' makes pointer from integer without a cast [-Wint-conversion]
     addr_tri=0x40000000 + 0x4;
             ^
../src/helloworld.c:75:14: warning: assignment to 'int *' from 'int' makes pointer from integer without a cast [-Wint-conversion]
     addr_data=0x40000000 + 0x0;
              ^
../src/helloworld.c:76:22: warning: assignment to 'int *' from 'int' makes pointer from integer without a cast [-Wint-conversion]
     addr_tri_switches= 0x40020000 + 0x4;
                      ^
../src/helloworld.c:77:23: warning: assignment to 'int *' from 'int' makes pointer from integer without a cast [-Wint-conversion]
     addr_data_switches= 0x40020000 + 0x0;
                       ^
../src/helloworld.c:72:11: warning: variable 'addr_data_switches' set but not used [-Wunused-but-set-variable]
     int * addr_data_switches;
           ^~~~~~~~~~~~~~~~~~
../src/helloworld.c:70:11: warning: variable 'addr_data' set but not used [-Wunused-but-set-variable]
     int * addr_data;
           ^~~~~~~~~
'Finished building: ../src/helloworld.c'
' '
'Building target: seconda.elf'
'Invoking: MicroBlaze gcc linker'
mb-gcc -Wl,-T -Wl,../src/lscript.ld -L../../seconda_bsp/microblaze_0/lib -mlittle-endian -mcpu=v11.0 -mxl-soft-mul -Wl,--no-relax -Wl,--gc-sections -o "seconda.elf"  ./src/helloworld.o ./src/platform.o   -Wl,--start-group,-lxil,-lgcc,-lc,--end-group
'Finished building target: seconda.elf'
' '
'Invoking: MicroBlaze Print Size'
mb-size seconda.elf  |tee "seconda.elf.size"
   text	   data	    bss	    dec	    hex	filename
   2592	    260	   3108	   5960	   1748	seconda.elf
'Finished building: seconda.elf.size'
' '
17:52:35 **** Incremental Build of configuration Debug for project seconda ****
make all 
make: Nothing to be done for 'all'.
17:53:27 **** Auto Build of configuration Debug for project seconda ****
make all 
'Building file: ../src/helloworld.c'
'Invoking: MicroBlaze gcc compiler'
mb-gcc -Wall -O0 -g3 -c -fmessage-length=0 -MT"src/helloworld.o" -I../../seconda_bsp/microblaze_0/include -mlittle-endian -mcpu=v11.0 -mxl-soft-mul -Wl,--no-relax -ffunction-sections -fdata-sections -MMD -MP -MF"src/helloworld.d" -MT"src/helloworld.o" -o "src/helloworld.o" "../src/helloworld.c"
../src/helloworld.c: In function 'main':
../src/helloworld.c:67:5: warning: implicit declaration of function 'microblaze_enable_interrupts' [-Wimplicit-function-declaration]
     microblaze_enable_interrupts();
     ^~~~~~~~~~~~~~~~~~~~~~~~~~~~
../src/helloworld.c:74:13: warning: assignment to 'int *' from 'int' makes pointer from integer without a cast [-Wint-conversion]
     addr_tri=0x40000000 + 0x4;
             ^
../src/helloworld.c:75:14: warning: assignment to 'int *' from 'int' makes pointer from integer without a cast [-Wint-conversion]
     addr_data=0x40000000 + 0x0;
              ^
../src/helloworld.c:76:22: warning: assignment to 'int *' from 'int' makes pointer from integer without a cast [-Wint-conversion]
     addr_tri_switches= 0x40020000 + 0x4;
                      ^
../src/helloworld.c:77:23: warning: assignment to 'int *' from 'int' makes pointer from integer without a cast [-Wint-conversion]
     addr_data_switches= 0x40020000 + 0x0;
                       ^
../src/helloworld.c:72:11: warning: variable 'addr_data_switches' set but not used [-Wunused-but-set-variable]
     int * addr_data_switches;
           ^~~~~~~~~~~~~~~~~~
../src/helloworld.c:70:11: warning: variable 'addr_data' set but not used [-Wunused-but-set-variable]
     int * addr_data;
           ^~~~~~~~~
'Finished building: ../src/helloworld.c'
' '
'Building target: seconda.elf'
'Invoking: MicroBlaze gcc linker'
mb-gcc -Wl,-T -Wl,../src/lscript.ld -L../../seconda_bsp/microblaze_0/lib -mlittle-endian -mcpu=v11.0 -mxl-soft-mul -Wl,--no-relax -Wl,--gc-sections -o "seconda.elf"  ./src/helloworld.o ./src/platform.o   -Wl,--start-group,-lxil,-lgcc,-lc,--end-group
'Finished building target: seconda.elf'
' '
'Invoking: MicroBlaze Print Size'
mb-size seconda.elf  |tee "seconda.elf.size"
   text	   data	    bss	    dec	    hex	filename
   2592	    260	   3108	   5960	   1748	seconda.elf
'Finished building: seconda.elf.size'
' '
17:53:34 **** Incremental Build of configuration Debug for project seconda ****
make all 
make: Nothing to be done for 'all'.
17:54:08 **** Incremental Build of configuration Debug for project seconda ****
make all 
make: Nothing to be done for 'all'.
17:54:22 **** Auto Build of configuration Debug for project seconda ****
make all 
'Building file: ../src/helloworld.c'
'Invoking: MicroBlaze gcc compiler'
mb-gcc -Wall -O0 -g3 -c -fmessage-length=0 -MT"src/helloworld.o" -I../../seconda_bsp/microblaze_0/include -mlittle-endian -mcpu=v11.0 -mxl-soft-mul -Wl,--no-relax -ffunction-sections -fdata-sections -MMD -MP -MF"src/helloworld.d" -MT"src/helloworld.o" -o "src/helloworld.o" "../src/helloworld.c"
../src/helloworld.c: In function 'main':
../src/helloworld.c:67:5: warning: implicit declaration of function 'microblaze_enable_interrupts' [-Wimplicit-function-declaration]
     microblaze_enable_interrupts();
     ^~~~~~~~~~~~~~~~~~~~~~~~~~~~
../src/helloworld.c:74:13: warning: assignment to 'int *' from 'int' makes pointer from integer without a cast [-Wint-conversion]
     addr_tri=0x40000000 + 0x4;
             ^
../src/helloworld.c:75:14: warning: assignment to 'int *' from 'int' makes pointer from integer without a cast [-Wint-conversion]
     addr_data=0x40000000 + 0x0;
              ^
../src/helloworld.c:76:22: warning: assignment to 'int *' from 'int' makes pointer from integer without a cast [-Wint-conversion]
     addr_tri_switches= 0x40020000 + 0x4;
                      ^
../src/helloworld.c:77:23: warning: assignment to 'int *' from 'int' makes pointer from integer without a cast [-Wint-conversion]
     addr_data_switches= 0x40020000 + 0x0;
                       ^
../src/helloworld.c:72:11: warning: variable 'addr_data_switches' set but not used [-Wunused-but-set-variable]
     int * addr_data_switches;
           ^~~~~~~~~~~~~~~~~~
../src/helloworld.c:70:11: warning: variable 'addr_data' set but not used [-Wunused-but-set-variable]
     int * addr_data;
           ^~~~~~~~~
'Finished building: ../src/helloworld.c'
' '
'Building target: seconda.elf'
'Invoking: MicroBlaze gcc linker'
mb-gcc -Wl,-T -Wl,../src/lscript.ld -L../../seconda_bsp/microblaze_0/lib -mlittle-endian -mcpu=v11.0 -mxl-soft-mul -Wl,--no-relax -Wl,--gc-sections -o "seconda.elf"  ./src/helloworld.o ./src/platform.o   -Wl,--start-group,-lxil,-lgcc,-lc,--end-group
'Finished building target: seconda.elf'
' '
'Invoking: MicroBlaze Print Size'
mb-size seconda.elf  |tee "seconda.elf.size"
   text	   data	    bss	    dec	    hex	filename
   2592	    260	   3108	   5960	   1748	seconda.elf
'Finished building: seconda.elf.size'
' '
17:54:35 **** Incremental Build of configuration Debug for project seconda ****
make all 
make: Nothing to be done for 'all'.
17:55:09 **** Auto Build of configuration Debug for project seconda ****
make all 
'Building file: ../src/helloworld.c'
'Invoking: MicroBlaze gcc compiler'
mb-gcc -Wall -O0 -g3 -c -fmessage-length=0 -MT"src/helloworld.o" -I../../seconda_bsp/microblaze_0/include -mlittle-endian -mcpu=v11.0 -mxl-soft-mul -Wl,--no-relax -ffunction-sections -fdata-sections -MMD -MP -MF"src/helloworld.d" -MT"src/helloworld.o" -o "src/helloworld.o" "../src/helloworld.c"
../src/helloworld.c: In function 'main':
../src/helloworld.c:67:5: warning: implicit declaration of function 'microblaze_enable_interrupts' [-Wimplicit-function-declaration]
     microblaze_enable_interrupts();
     ^~~~~~~~~~~~~~~~~~~~~~~~~~~~
../src/helloworld.c:74:13: warning: assignment to 'int *' from 'int' makes pointer from integer without a cast [-Wint-conversion]
     addr_tri=0x40000000 + 0x4;
             ^
../src/helloworld.c:75:14: warning: assignment to 'int *' from 'int' makes pointer from integer without a cast [-Wint-conversion]
     addr_data=0x40000000 + 0x0;
              ^
../src/helloworld.c:76:22: warning: assignment to 'int *' from 'int' makes pointer from integer without a cast [-Wint-conversion]
     addr_tri_switches= 0x40020000 + 0x4;
                      ^
../src/helloworld.c:77:23: warning: assignment to 'int *' from 'int' makes pointer from integer without a cast [-Wint-conversion]
     addr_data_switches= 0x40020000 + 0x0;
                       ^
../src/helloworld.c:72:11: warning: variable 'addr_data_switches' set but not used [-Wunused-but-set-variable]
     int * addr_data_switches;
           ^~~~~~~~~~~~~~~~~~
../src/helloworld.c:70:11: warning: variable 'addr_data' set but not used [-Wunused-but-set-variable]
     int * addr_data;
           ^~~~~~~~~
'Finished building: ../src/helloworld.c'
' '
'Building target: seconda.elf'
'Invoking: MicroBlaze gcc linker'
mb-gcc -Wl,-T -Wl,../src/lscript.ld -L../../seconda_bsp/microblaze_0/lib -mlittle-endian -mcpu=v11.0 -mxl-soft-mul -Wl,--no-relax -Wl,--gc-sections -o "seconda.elf"  ./src/helloworld.o ./src/platform.o   -Wl,--start-group,-lxil,-lgcc,-lc,--end-group
'Finished building target: seconda.elf'
' '
'Invoking: MicroBlaze Print Size'
mb-size seconda.elf  |tee "seconda.elf.size"
   text	   data	    bss	    dec	    hex	filename
   2592	    260	   3108	   5960	   1748	seconda.elf
'Finished building: seconda.elf.size'
' '
17:55:20 **** Incremental Build of configuration Debug for project seconda ****
make all 
make: Nothing to be done for 'all'.
17:56:49 **** Auto Build of configuration Debug for project seconda ****
make all 
'Building file: ../src/helloworld.c'
'Invoking: MicroBlaze gcc compiler'
mb-gcc -Wall -O0 -g3 -c -fmessage-length=0 -MT"src/helloworld.o" -I../../seconda_bsp/microblaze_0/include -mlittle-endian -mcpu=v11.0 -mxl-soft-mul -Wl,--no-relax -ffunction-sections -fdata-sections -MMD -MP -MF"src/helloworld.d" -MT"src/helloworld.o" -o "src/helloworld.o" "../src/helloworld.c"
../src/helloworld.c: In function 'main':
../src/helloworld.c:67:5: warning: implicit declaration of function 'microblaze_enable_interrupts' [-Wimplicit-function-declaration]
     microblaze_enable_interrupts();
     ^~~~~~~~~~~~~~~~~~~~~~~~~~~~
../src/helloworld.c:74:13: warning: assignment to 'int *' from 'int' makes pointer from integer without a cast [-Wint-conversion]
     addr_tri=0x40000000 + 0x4;
             ^
../src/helloworld.c:75:14: warning: assignment to 'int *' from 'int' makes pointer from integer without a cast [-Wint-conversion]
     addr_data=0x40000000 + 0x0;
              ^
../src/helloworld.c:76:22: warning: assignment to 'int *' from 'int' makes pointer from integer without a cast [-Wint-conversion]
     addr_tri_switches= 0x40020000 + 0x4;
                      ^
../src/helloworld.c:77:23: warning: assignment to 'int *' from 'int' makes pointer from integer without a cast [-Wint-conversion]
     addr_data_switches= 0x40020000 + 0x0;
                       ^
../src/helloworld.c:72:11: warning: variable 'addr_data_switches' set but not used [-Wunused-but-set-variable]
     int * addr_data_switches;
           ^~~~~~~~~~~~~~~~~~
../src/helloworld.c:70:11: warning: variable 'addr_data' set but not used [-Wunused-but-set-variable]
     int * addr_data;
           ^~~~~~~~~
'Finished building: ../src/helloworld.c'
' '
'Building target: seconda.elf'
'Invoking: MicroBlaze gcc linker'
mb-gcc -Wl,-T -Wl,../src/lscript.ld -L../../seconda_bsp/microblaze_0/lib -mlittle-endian -mcpu=v11.0 -mxl-soft-mul -Wl,--no-relax -Wl,--gc-sections -o "seconda.elf"  ./src/helloworld.o ./src/platform.o   -Wl,--start-group,-lxil,-lgcc,-lc,--end-group
'Finished building target: seconda.elf'
' '
'Invoking: MicroBlaze Print Size'
mb-size seconda.elf  |tee "seconda.elf.size"
   text	   data	    bss	    dec	    hex	filename
   2608	    260	   3108	   5976	   1758	seconda.elf
'Finished building: seconda.elf.size'
' '
17:56:53 **** Incremental Build of configuration Debug for project seconda ****
make all 
make: Nothing to be done for 'all'.
17:58:20 **** Auto Build of configuration Debug for project seconda ****
make all 
'Building file: ../src/helloworld.c'
'Invoking: MicroBlaze gcc compiler'
mb-gcc -Wall -O0 -g3 -c -fmessage-length=0 -MT"src/helloworld.o" -I../../seconda_bsp/microblaze_0/include -mlittle-endian -mcpu=v11.0 -mxl-soft-mul -Wl,--no-relax -ffunction-sections -fdata-sections -MMD -MP -MF"src/helloworld.d" -MT"src/helloworld.o" -o "src/helloworld.o" "../src/helloworld.c"
../src/helloworld.c: In function 'main':
../src/helloworld.c:67:5: warning: implicit declaration of function 'microblaze_enable_interrupts' [-Wimplicit-function-declaration]
     microblaze_enable_interrupts();
     ^~~~~~~~~~~~~~~~~~~~~~~~~~~~
../src/helloworld.c:74:13: warning: assignment to 'int *' from 'int' makes pointer from integer without a cast [-Wint-conversion]
     addr_tri=0x40000000 + 0x4;
             ^
../src/helloworld.c:75:14: warning: assignment to 'int *' from 'int' makes pointer from integer without a cast [-Wint-conversion]
     addr_data=0x40000000 + 0x0;
              ^
../src/helloworld.c:76:22: warning: assignment to 'int *' from 'int' makes pointer from integer without a cast [-Wint-conversion]
     addr_tri_switches= 0x40020000 + 0x4;
                      ^
../src/helloworld.c:77:23: warning: assignment to 'int *' from 'int' makes pointer from integer without a cast [-Wint-conversion]
     addr_data_switches= 0x40020000 + 0x0;
                       ^
../src/helloworld.c:72:11: warning: variable 'addr_data_switches' set but not used [-Wunused-but-set-variable]
     int * addr_data_switches;
           ^~~~~~~~~~~~~~~~~~
../src/helloworld.c:70:11: warning: variable 'addr_data' set but not used [-Wunused-but-set-variable]
     int * addr_data;
           ^~~~~~~~~
'Finished building: ../src/helloworld.c'
' '
'Building target: seconda.elf'
'Invoking: MicroBlaze gcc linker'
mb-gcc -Wl,-T -Wl,../src/lscript.ld -L../../seconda_bsp/microblaze_0/lib -mlittle-endian -mcpu=v11.0 -mxl-soft-mul -Wl,--no-relax -Wl,--gc-sections -o "seconda.elf"  ./src/helloworld.o ./src/platform.o   -Wl,--start-group,-lxil,-lgcc,-lc,--end-group
'Finished building target: seconda.elf'
' '
'Invoking: MicroBlaze Print Size'
mb-size seconda.elf  |tee "seconda.elf.size"
   text	   data	    bss	    dec	    hex	filename
   2608	    260	   3108	   5976	   1758	seconda.elf
'Finished building: seconda.elf.size'
' '
17:58:35 **** Incremental Build of configuration Debug for project seconda ****
make all 
make: Nothing to be done for 'all'.
10:54:53 **** Build of project paolo_bsp ****
make -k all 
"Running Make include in microblaze_0/libsrc/bram_v4_3/src"
make -C microblaze_0/libsrc/bram_v4_3/src -s include  "SHELL=CMD" "COMPILER=mb-gcc" "ARCHIVER=mb-ar" "COMPILER_FLAGS=  -O2 -c -mcpu=v11.0 -mlittle-endian -mxl-soft-mul" "EXTRA_COMPILER_FLAGS=-ffunction-sections -fdata-sections -Wall -Wextra"
"Running Make include in microblaze_0/libsrc/cpu_v2_9/src"
make -C microblaze_0/libsrc/cpu_v2_9/src -s include  "SHELL=CMD" "COMPILER=mb-gcc" "ARCHIVER=mb-ar" "COMPILER_FLAGS=  -O2 -c -mcpu=v11.0 -mlittle-endian -mxl-soft-mul" "EXTRA_COMPILER_FLAGS=-ffunction-sections -fdata-sections -Wall -Wextra"
"Running Make include in microblaze_0/libsrc/gpio_v4_4/src"
make -C microblaze_0/libsrc/gpio_v4_4/src -s include  "SHELL=CMD" "COMPILER=mb-gcc" "ARCHIVER=mb-ar" "COMPILER_FLAGS=  -O2 -c -mcpu=v11.0 -mlittle-endian -mxl-soft-mul" "EXTRA_COMPILER_FLAGS=-ffunction-sections -fdata-sections -Wall -Wextra"
"Running Make include in microblaze_0/libsrc/intc_v3_9/src"
make -C microblaze_0/libsrc/intc_v3_9/src -s include  "SHELL=CMD" "COMPILER=mb-gcc" "ARCHIVER=mb-ar" "COMPILER_FLAGS=  -O2 -c -mcpu=v11.0 -mlittle-endian -mxl-soft-mul" "EXTRA_COMPILER_FLAGS=-ffunction-sections -fdata-sections -Wall -Wextra"
"Running Make include in microblaze_0/libsrc/standalone_v7_0/src"
make -C microblaze_0/libsrc/standalone_v7_0/src -s include  "SHELL=CMD" "COMPILER=mb-gcc" "ARCHIVER=mb-ar" "COMPILER_FLAGS=  -O2 -c -mcpu=v11.0 -mlittle-endian -mxl-soft-mul" "EXTRA_COMPILER_FLAGS=-ffunction-sections -fdata-sections -Wall -Wextra"
"Running Make include in microblaze_0/libsrc/uartlite_v3_2/src"
make -C microblaze_0/libsrc/uartlite_v3_2/src -s include  "SHELL=CMD" "COMPILER=mb-gcc" "ARCHIVER=mb-ar" "COMPILER_FLAGS=  -O2 -c -mcpu=v11.0 -mlittle-endian -mxl-soft-mul" "EXTRA_COMPILER_FLAGS=-ffunction-sections -fdata-sections -Wall -Wextra"
"Running Make libs in microblaze_0/libsrc/bram_v4_3/src"
make -C microblaze_0/libsrc/bram_v4_3/src -s libs  "SHELL=CMD" "COMPILER=mb-gcc" "ARCHIVER=mb-ar" "COMPILER_FLAGS=  -O2 -c -mcpu=v11.0 -mlittle-endian -mxl-soft-mul" "EXTRA_COMPILER_FLAGS=-ffunction-sections -fdata-sections -Wall -Wextra"
"Compiling bram"
mb-ar: creating ../../../lib/libxil.a
"Running Make libs in microblaze_0/libsrc/cpu_v2_9/src"
make -C microblaze_0/libsrc/cpu_v2_9/src -s libs  "SHELL=CMD" "COMPILER=mb-gcc" "ARCHIVER=mb-ar" "COMPILER_FLAGS=  -O2 -c -mcpu=v11.0 -mlittle-endian -mxl-soft-mul" "EXTRA_COMPILER_FLAGS=-ffunction-sections -fdata-sections -Wall -Wextra"
"Compiling cpu"
"Running Make libs in microblaze_0/libsrc/gpio_v4_4/src"
make -C microblaze_0/libsrc/gpio_v4_4/src -s libs  "SHELL=CMD" "COMPILER=mb-gcc" "ARCHIVER=mb-ar" "COMPILER_FLAGS=  -O2 -c -mcpu=v11.0 -mlittle-endian -mxl-soft-mul" "EXTRA_COMPILER_FLAGS=-ffunction-sections -fdata-sections -Wall -Wextra"
"Compiling gpio"
"Running Make libs in microblaze_0/libsrc/intc_v3_9/src"
make -C microblaze_0/libsrc/intc_v3_9/src -s libs  "SHELL=CMD" "COMPILER=mb-gcc" "ARCHIVER=mb-ar" "COMPILER_FLAGS=  -O2 -c -mcpu=v11.0 -mlittle-endian -mxl-soft-mul" "EXTRA_COMPILER_FLAGS=-ffunction-sections -fdata-sections -Wall -Wextra"
"Compiling intc"
"Running Make libs in microblaze_0/libsrc/standalone_v7_0/src"
make -C microblaze_0/libsrc/standalone_v7_0/src -s libs  "SHELL=CMD" "COMPILER=mb-gcc" "ARCHIVER=mb-ar" "COMPILER_FLAGS=  -O2 -c -mcpu=v11.0 -mlittle-endian -mxl-soft-mul" "EXTRA_COMPILER_FLAGS=-ffunction-sections -fdata-sections -Wall -Wextra"
"Compiling standalone";
microblaze_sleep.c:77:9: note: #pragma message: For the sleep routines, assembly instructions are used
 #pragma message ("For the sleep routines, assembly instructions are used")
         ^~~~~~~
"Running Make libs in microblaze_0/libsrc/uartlite_v3_2/src"
make -C microblaze_0/libsrc/uartlite_v3_2/src -s libs  "SHELL=CMD" "COMPILER=mb-gcc" "ARCHIVER=mb-ar" "COMPILER_FLAGS=  -O2 -c -mcpu=v11.0 -mlittle-endian -mxl-soft-mul" "EXTRA_COMPILER_FLAGS=-ffunction-sections -fdata-sections -Wall -Wextra"
"Compiling uartlite"
'Finished building libraries'
10:55:06 **** Build of configuration Debug for project paolo ****
make all 
'Building file: ../src/helloworld.c'
'Invoking: MicroBlaze gcc compiler'
mb-gcc -Wall -O0 -g3 -c -fmessage-length=0 -MT"src/helloworld.o" -I../../paolo_bsp/microblaze_0/include -mlittle-endian -mcpu=v11.0 -mxl-soft-mul -Wl,--no-relax -ffunction-sections -fdata-sections -MMD -MP -MF"src/helloworld.d" -MT"src/helloworld.o" -o "src/helloworld.o" "../src/helloworld.c"
'Finished building: ../src/helloworld.c'
' '
'Building file: ../src/platform.c'
'Invoking: MicroBlaze gcc compiler'
mb-gcc -Wall -O0 -g3 -c -fmessage-length=0 -MT"src/platform.o" -I../../paolo_bsp/microblaze_0/include -mlittle-endian -mcpu=v11.0 -mxl-soft-mul -Wl,--no-relax -ffunction-sections -fdata-sections -MMD -MP -MF"src/platform.d" -MT"src/platform.o" -o "src/platform.o" "../src/platform.c"
'Finished building: ../src/platform.c'
' '
'Building target: paolo.elf'
'Invoking: MicroBlaze gcc linker'
mb-gcc -Wl,-T -Wl,../src/lscript.ld -L../../paolo_bsp/microblaze_0/lib -mlittle-endian -mcpu=v11.0 -mxl-soft-mul -Wl,--no-relax -Wl,--gc-sections -o "paolo.elf"  ./src/helloworld.o ./src/platform.o   -Wl,--start-group,-lxil,-lgcc,-lc,--end-group
'Finished building target: paolo.elf'
' '
'Invoking: MicroBlaze Print Size'
mb-size paolo.elf  |tee "paolo.elf.size"
   text	   data	    bss	    dec	    hex	filename
   3124	    320	   3108	   6552	   1998	paolo.elf
'Finished building: paolo.elf.size'
' '
11:09:27 **** Auto Build of configuration Debug for project paolo ****
make all 
'Building file: ../src/helloworld.c'
'Invoking: MicroBlaze gcc compiler'
mb-gcc -Wall -O0 -g3 -c -fmessage-length=0 -MT"src/helloworld.o" -I../../paolo_bsp/microblaze_0/include -mlittle-endian -mcpu=v11.0 -mxl-soft-mul -Wl,--no-relax -ffunction-sections -fdata-sections -MMD -MP -MF"src/helloworld.d" -MT"src/helloworld.o" -o "src/helloworld.o" "../src/helloworld.c"
../src/helloworld.c: In function 'main':
../src/helloworld.c:62:48: error: expected ';' before '}' token
     *((int*)(0x40000000))=*((int*)(0x40020000))
                                                ^
                                                ;
     }
     ~                                           
make: *** [src/subdir.mk:26: src/helloworld.o] Error 1
11:09:36 **** Auto Build of configuration Debug for project paolo ****
make all 
'Building file: ../src/helloworld.c'
'Invoking: MicroBlaze gcc compiler'
mb-gcc -Wall -O0 -g3 -c -fmessage-length=0 -MT"src/helloworld.o" -I../../paolo_bsp/microblaze_0/include -mlittle-endian -mcpu=v11.0 -mxl-soft-mul -Wl,--no-relax -ffunction-sections -fdata-sections -MMD -MP -MF"src/helloworld.d" -MT"src/helloworld.o" -o "src/helloworld.o" "../src/helloworld.c"
'Finished building: ../src/helloworld.c'
' '
'Building target: paolo.elf'
'Invoking: MicroBlaze gcc linker'
mb-gcc -Wl,-T -Wl,../src/lscript.ld -L../../paolo_bsp/microblaze_0/lib -mlittle-endian -mcpu=v11.0 -mxl-soft-mul -Wl,--no-relax -Wl,--gc-sections -o "paolo.elf"  ./src/helloworld.o ./src/platform.o   -Wl,--start-group,-lxil,-lgcc,-lc,--end-group
'Finished building target: paolo.elf'
' '
'Invoking: MicroBlaze Print Size'
mb-size paolo.elf  |tee "paolo.elf.size"
   text	   data	    bss	    dec	    hex	filename
   2772	    320	   3108	   6200	   1838	paolo.elf
'Finished building: paolo.elf.size'
' '
11:11:53 **** Incremental Build of configuration Debug for project paolo ****
make all 
'Building file: ../src/helloworld.c'
'Invoking: MicroBlaze gcc compiler'
mb-gcc -Wall -O0 -g3 -c -fmessage-length=0 -MT"src/helloworld.o" -I../../paolo_bsp/microblaze_0/include -mlittle-endian -mcpu=v11.0 -mxl-soft-mul -Wl,--no-relax -ffunction-sections -fdata-sections -MMD -MP -MF"src/helloworld.d" -MT"src/helloworld.o" -o "src/helloworld.o" "../src/helloworld.c"
'Finished building: ../src/helloworld.c'
' '
'Building target: paolo.elf'
'Invoking: MicroBlaze gcc linker'
mb-gcc -Wl,-T -Wl,../src/lscript.ld -L../../paolo_bsp/microblaze_0/lib -mlittle-endian -mcpu=v11.0 -mxl-soft-mul -Wl,--no-relax -Wl,--gc-sections -o "paolo.elf"  ./src/helloworld.o ./src/platform.o   -Wl,--start-group,-lxil,-lgcc,-lc,--end-group
'Finished building target: paolo.elf'
' '
'Invoking: MicroBlaze Print Size'
mb-size paolo.elf  |tee "paolo.elf.size"
   text	   data	    bss	    dec	    hex	filename
   2800	    320	   3104	   6224	   1850	paolo.elf
'Finished building: paolo.elf.size'
' '
11:12:30 **** Auto Build of configuration Debug for project paolo ****
make all 
'Building file: ../src/helloworld.c'
'Invoking: MicroBlaze gcc compiler'
mb-gcc -Wall -O0 -g3 -c -fmessage-length=0 -MT"src/helloworld.o" -I../../paolo_bsp/microblaze_0/include -mlittle-endian -mcpu=v11.0 -mxl-soft-mul -Wl,--no-relax -ffunction-sections -fdata-sections -MMD -MP -MF"src/helloworld.d" -MT"src/helloworld.o" -o "src/helloworld.o" "../src/helloworld.c"
../src/helloworld.c:66:4: error: expected identifier or '(' before 'int'
 *((int*)(0x40000004))=0x0; // tristate
    ^~~
../src/helloworld.c:66:9: error: expected ')' before '(' token
 *((int*)(0x40000004))=0x0; // tristate
         ^
         )
../src/helloworld.c:67:4: error: expected identifier or '(' before 'int'
 *((int*)(0x40020004))=0x1; // tristate
    ^~~
../src/helloworld.c:67:9: error: expected ')' before '(' token
 *((int*)(0x40020004))=0x1; // tristate
         ^
         )
../src/helloworld.c:70:1: error: expected identifier or '(' before 'while'
 while(1){
 ^~~~~
make: *** [src/subdir.mk:26: src/helloworld.o] Error 1
11:12:44 **** Auto Build of configuration Debug for project paolo ****
make all 
'Building file: ../src/helloworld.c'
'Invoking: MicroBlaze gcc compiler'
mb-gcc -Wall -O0 -g3 -c -fmessage-length=0 -MT"src/helloworld.o" -I../../paolo_bsp/microblaze_0/include -mlittle-endian -mcpu=v11.0 -mxl-soft-mul -Wl,--no-relax -ffunction-sections -fdata-sections -MMD -MP -MF"src/helloworld.d" -MT"src/helloworld.o" -o "src/helloworld.o" "../src/helloworld.c"
'Finished building: ../src/helloworld.c'
' '
'Building target: paolo.elf'
'Invoking: MicroBlaze gcc linker'
mb-gcc -Wl,-T -Wl,../src/lscript.ld -L../../paolo_bsp/microblaze_0/lib -mlittle-endian -mcpu=v11.0 -mxl-soft-mul -Wl,--no-relax -Wl,--gc-sections -o "paolo.elf"  ./src/helloworld.o ./src/platform.o   -Wl,--start-group,-lxil,-lgcc,-lc,--end-group
'Finished building target: paolo.elf'
' '
'Invoking: MicroBlaze Print Size'
mb-size paolo.elf  |tee "paolo.elf.size"
   text	   data	    bss	    dec	    hex	filename
   3148	    320	   3108	   6576	   19b0	paolo.elf
'Finished building: paolo.elf.size'
' '
11:16:57 **** Auto Build of configuration Debug for project paolo ****
make all 
'Building file: ../src/helloworld.c'
'Invoking: MicroBlaze gcc compiler'
mb-gcc -Wall -O0 -g3 -c -fmessage-length=0 -MT"src/helloworld.o" -I../../paolo_bsp/microblaze_0/include -mlittle-endian -mcpu=v11.0 -mxl-soft-mul -Wl,--no-relax -ffunction-sections -fdata-sections -MMD -MP -MF"src/helloworld.d" -MT"src/helloworld.o" -o "src/helloworld.o" "../src/helloworld.c"
../src/helloworld.c: In function 'main':
../src/helloworld.c:56:22: warning: initialization of 'int *' from 'int' makes pointer from integer without a cast [-Wint-conversion]
     int * addr_led = 0x40000000;
                      ^~~~~~~~~~
[...]
make all 
make: Nothing to be done for 'all'.
16:22:55 **** Auto Build of configuration Debug for project complete_test ****
make all 
'Building file: ../src/helloworld.c'
'Invoking: MicroBlaze gcc compiler'
mb-gcc -Wall -O0 -g3 -c -fmessage-length=0 -MT"src/helloworld.o" -I../../complete_test_bsp/microblaze_0/include -mlittle-endian -mcpu=v11.0 -mxl-soft-mul -Wl,--no-relax -ffunction-sections -fdata-sections -MMD -MP -MF"src/helloworld.d" -MT"src/helloworld.o" -o "src/helloworld.o" "../src/helloworld.c"
../src/helloworld.c: In function 'main':
../src/helloworld.c:98:6: warning: unused variable 'Value2' [-Wunused-variable]
  u32 Value2;
      ^~~~~~
../src/helloworld.c:83:9: warning: unused variable 'scale' [-Wunused-variable]
     int scale=1000;
         ^~~~~
../src/helloworld.c:82:9: warning: unused variable 'i' [-Wunused-variable]
     int i=1;
         ^
'Finished building: ../src/helloworld.c'
' '
'Building target: complete_test.elf'
'Invoking: MicroBlaze gcc linker'
mb-gcc -Wl,-T -Wl,../src/lscript.ld -L../../complete_test_bsp/microblaze_0/lib -mlittle-endian -mcpu=v11.0 -mxl-soft-mul -Wl,--no-relax -Wl,--gc-sections -o "complete_test.elf"  ./src/helloworld.o ./src/platform.o   -Wl,--start-group,-lxil,-lgcc,-lc,--end-group
'Finished building target: complete_test.elf'
' '
'Invoking: MicroBlaze Print Size'
mb-size complete_test.elf  |tee "complete_test.elf.size"
   text	   data	    bss	    dec	    hex	filename
   3548	    262	   3118	   6928	   1b10	complete_test.elf
'Finished building: complete_test.elf.size'
' '
16:22:59 **** Incremental Build of configuration Debug for project complete_test ****
make all 
make: Nothing to be done for 'all'.
16:29:05 **** Build of project complete_test_bsp ****
make -k all 
"Running Make include in microblaze_0/libsrc/bram_v4_3/src"
make -C microblaze_0/libsrc/bram_v4_3/src -s include  "SHELL=CMD" "COMPILER=mb-gcc" "ARCHIVER=mb-ar" "COMPILER_FLAGS=  -O2 -c -mcpu=v11.0 -mlittle-endian -mxl-soft-mul" "EXTRA_COMPILER_FLAGS=-ffunction-sections -fdata-sections -Wall -Wextra"
"Running Make include in microblaze_0/libsrc/cpu_v2_9/src"
make -C microblaze_0/libsrc/cpu_v2_9/src -s include  "SHELL=CMD" "COMPILER=mb-gcc" "ARCHIVER=mb-ar" "COMPILER_FLAGS=  -O2 -c -mcpu=v11.0 -mlittle-endian -mxl-soft-mul" "EXTRA_COMPILER_FLAGS=-ffunction-sections -fdata-sections -Wall -Wextra"
"Running Make include in microblaze_0/libsrc/gpio_v4_4/src"
make -C microblaze_0/libsrc/gpio_v4_4/src -s include  "SHELL=CMD" "COMPILER=mb-gcc" "ARCHIVER=mb-ar" "COMPILER_FLAGS=  -O2 -c -mcpu=v11.0 -mlittle-endian -mxl-soft-mul" "EXTRA_COMPILER_FLAGS=-ffunction-sections -fdata-sections -Wall -Wextra"
"Running Make include in microblaze_0/libsrc/intc_v3_9/src"
make -C microblaze_0/libsrc/intc_v3_9/src -s include  "SHELL=CMD" "COMPILER=mb-gcc" "ARCHIVER=mb-ar" "COMPILER_FLAGS=  -O2 -c -mcpu=v11.0 -mlittle-endian -mxl-soft-mul" "EXTRA_COMPILER_FLAGS=-ffunction-sections -fdata-sections -Wall -Wextra"
"Running Make include in microblaze_0/libsrc/standalone_v7_0/src"
make -C microblaze_0/libsrc/standalone_v7_0/src -s include  "SHELL=CMD" "COMPILER=mb-gcc" "ARCHIVER=mb-ar" "COMPILER_FLAGS=  -O2 -c -mcpu=v11.0 -mlittle-endian -mxl-soft-mul" "EXTRA_COMPILER_FLAGS=-ffunction-sections -fdata-sections -Wall -Wextra"
"Running Make include in microblaze_0/libsrc/tmrctr_v4_5/src"
make -C microblaze_0/libsrc/tmrctr_v4_5/src -s include  "SHELL=CMD" "COMPILER=mb-gcc" "ARCHIVER=mb-ar" "COMPILER_FLAGS=  -O2 -c -mcpu=v11.0 -mlittle-endian -mxl-soft-mul" "EXTRA_COMPILER_FLAGS=-ffunction-sections -fdata-sections -Wall -Wextra"
"Running Make include in microblaze_0/libsrc/uartlite_v3_2/src"
make -C microblaze_0/libsrc/uartlite_v3_2/src -s include  "SHELL=CMD" "COMPILER=mb-gcc" "ARCHIVER=mb-ar" "COMPILER_FLAGS=  -O2 -c -mcpu=v11.0 -mlittle-endian -mxl-soft-mul" "EXTRA_COMPILER_FLAGS=-ffunction-sections -fdata-sections -Wall -Wextra"
"Running Make libs in microblaze_0/libsrc/bram_v4_3/src"
make -C microblaze_0/libsrc/bram_v4_3/src -s libs  "SHELL=CMD" "COMPILER=mb-gcc" "ARCHIVER=mb-ar" "COMPILER_FLAGS=  -O2 -c -mcpu=v11.0 -mlittle-endian -mxl-soft-mul" "EXTRA_COMPILER_FLAGS=-ffunction-sections -fdata-sections -Wall -Wextra"
"Compiling bram"
"Running Make libs in microblaze_0/libsrc/cpu_v2_9/src"
make -C microblaze_0/libsrc/cpu_v2_9/src -s libs  "SHELL=CMD" "COMPILER=mb-gcc" "ARCHIVER=mb-ar" "COMPILER_FLAGS=  -O2 -c -mcpu=v11.0 -mlittle-endian -mxl-soft-mul" "EXTRA_COMPILER_FLAGS=-ffunction-sections -fdata-sections -Wall -Wextra"
"Compiling cpu"
"Running Make libs in microblaze_0/libsrc/gpio_v4_4/src"
make -C microblaze_0/libsrc/gpio_v4_4/src -s libs  "SHELL=CMD" "COMPILER=mb-gcc" "ARCHIVER=mb-ar" "COMPILER_FLAGS=  -O2 -c -mcpu=v11.0 -mlittle-endian -mxl-soft-mul" "EXTRA_COMPILER_FLAGS=-ffunction-sections -fdata-sections -Wall -Wextra"
"Compiling gpio"
"Running Make libs in microblaze_0/libsrc/intc_v3_9/src"
make -C microblaze_0/libsrc/intc_v3_9/src -s libs  "SHELL=CMD" "COMPILER=mb-gcc" "ARCHIVER=mb-ar" "COMPILER_FLAGS=  -O2 -c -mcpu=v11.0 -mlittle-endian -mxl-soft-mul" "EXTRA_COMPILER_FLAGS=-ffunction-sections -fdata-sections -Wall -Wextra"
"Compiling intc"
"Running Make libs in microblaze_0/libsrc/standalone_v7_0/src"
make -C microblaze_0/libsrc/standalone_v7_0/src -s libs  "SHELL=CMD" "COMPILER=mb-gcc" "ARCHIVER=mb-ar" "COMPILER_FLAGS=  -O2 -c -mcpu=v11.0 -mlittle-endian -mxl-soft-mul" "EXTRA_COMPILER_FLAGS=-ffunction-sections -fdata-sections -Wall -Wextra"
"Compiling standalone";
microblaze_sleep.c:77:9: note: #pragma message: For the sleep routines, assembly instructions are used
 #pragma message ("For the sleep routines, assembly instructions are used")
         ^~~~~~~
"Running Make libs in microblaze_0/libsrc/tmrctr_v4_5/src"
make -C microblaze_0/libsrc/tmrctr_v4_5/src -s libs  "SHELL=CMD" "COMPILER=mb-gcc" "ARCHIVER=mb-ar" "COMPILER_FLAGS=  -O2 -c -mcpu=v11.0 -mlittle-endian -mxl-soft-mul" "EXTRA_COMPILER_FLAGS=-ffunction-sections -fdata-sections -Wall -Wextra"
"Compiling tmrctr"
"Running Make libs in microblaze_0/libsrc/uartlite_v3_2/src"
make -C microblaze_0/libsrc/uartlite_v3_2/src -s libs  "SHELL=CMD" "COMPILER=mb-gcc" "ARCHIVER=mb-ar" "COMPILER_FLAGS=  -O2 -c -mcpu=v11.0 -mlittle-endian -mxl-soft-mul" "EXTRA_COMPILER_FLAGS=-ffunction-sections -fdata-sections -Wall -Wextra"
"Compiling uartlite"
'Finished building libraries'
16:29:13 **** Build of configuration Debug for project complete_test ****
make all 
'Building file: ../src/helloworld.c'
'Invoking: MicroBlaze gcc compiler'
mb-gcc -Wall -O0 -g3 -c -fmessage-length=0 -MT"src/helloworld.o" -I../../complete_test_bsp/microblaze_0/include -mlittle-endian -mcpu=v11.0 -mxl-soft-mul -Wl,--no-relax -ffunction-sections -fdata-sections -MMD -MP -MF"src/helloworld.d" -MT"src/helloworld.o" -o "src/helloworld.o" "../src/helloworld.c"
../src/helloworld.c: In function 'main':
../src/helloworld.c:106:6: warning: unused variable 'Value2' [-Wunused-variable]
  u32 Value2;
      ^~~~~~
../src/helloworld.c:91:9: warning: unused variable 'scale' [-Wunused-variable]
     int scale=1000;
         ^~~~~
../src/helloworld.c:90:9: warning: unused variable 'i' [-Wunused-variable]
     int i=1;
         ^
'Finished building: ../src/helloworld.c'
' '
'Building file: ../src/platform.c'
'Invoking: MicroBlaze gcc compiler'
mb-gcc -Wall -O0 -g3 -c -fmessage-length=0 -MT"src/platform.o" -I../../complete_test_bsp/microblaze_0/include -mlittle-endian -mcpu=v11.0 -mxl-soft-mul -Wl,--no-relax -ffunction-sections -fdata-sections -MMD -MP -MF"src/platform.d" -MT"src/platform.o" -o "src/platform.o" "../src/platform.c"
'Finished building: ../src/platform.c'
' '
'Building target: complete_test.elf'
'Invoking: MicroBlaze gcc linker'
mb-gcc -Wl,-T -Wl,../src/lscript.ld -L../../complete_test_bsp/microblaze_0/lib -mlittle-endian -mcpu=v11.0 -mxl-soft-mul -Wl,--no-relax -Wl,--gc-sections -o "complete_test.elf"  ./src/helloworld.o ./src/platform.o   -Wl,--start-group,-lxil,-lgcc,-lc,--end-group
'Finished building target: complete_test.elf'
' '
'Invoking: MicroBlaze Print Size'
mb-size complete_test.elf  |tee "complete_test.elf.size"
   text	   data	    bss	    dec	    hex	filename
   3596	    262	   3118	   6976	   1b40	complete_test.elf
'Finished building: complete_test.elf.size'
' '
16:29:27 **** Incremental Build of configuration Debug for project complete_test ****
make all 
make: Nothing to be done for 'all'.
16:30:08 **** Auto Build of configuration Debug for project complete_test ****
make all 
'Building file: ../src/helloworld.c'
'Invoking: MicroBlaze gcc compiler'
mb-gcc -Wall -O0 -g3 -c -fmessage-length=0 -MT"src/helloworld.o" -I../../complete_test_bsp/microblaze_0/include -mlittle-endian -mcpu=v11.0 -mxl-soft-mul -Wl,--no-relax -ffunction-sections -fdata-sections -MMD -MP -MF"src/helloworld.d" -MT"src/helloworld.o" -o "src/helloworld.o" "../src/helloworld.c"
../src/helloworld.c: In function 'main':
../src/helloworld.c:106:6: warning: unused variable 'Value2' [-Wunused-variable]
  u32 Value2;
      ^~~~~~
../src/helloworld.c:91:9: warning: unused variable 'scale' [-Wunused-variable]
     int scale=1000;
         ^~~~~
../src/helloworld.c:90:9: warning: unused variable 'i' [-Wunused-variable]
     int i=1;
         ^
'Finished building: ../src/helloworld.c'
' '
'Building target: complete_test.elf'
'Invoking: MicroBlaze gcc linker'
mb-gcc -Wl,-T -Wl,../src/lscript.ld -L../../complete_test_bsp/microblaze_0/lib -mlittle-endian -mcpu=v11.0 -mxl-soft-mul -Wl,--no-relax -Wl,--gc-sections -o "complete_test.elf"  ./src/helloworld.o ./src/platform.o   -Wl,--start-group,-lxil,-lgcc,-lc,--end-group
'Finished building target: complete_test.elf'
' '
'Invoking: MicroBlaze Print Size'
mb-size complete_test.elf  |tee "complete_test.elf.size"
   text	   data	    bss	    dec	    hex	filename
   3596	    262	   3118	   6976	   1b40	complete_test.elf
'Finished building: complete_test.elf.size'
' '
16:30:14 **** Incremental Build of configuration Debug for project complete_test ****
make all 
make: Nothing to be done for 'all'.
16:30:54 **** Auto Build of configuration Debug for project complete_test ****
make all 
'Building file: ../src/helloworld.c'
'Invoking: MicroBlaze gcc compiler'
mb-gcc -Wall -O0 -g3 -c -fmessage-length=0 -MT"src/helloworld.o" -I../../complete_test_bsp/microblaze_0/include -mlittle-endian -mcpu=v11.0 -mxl-soft-mul -Wl,--no-relax -ffunction-sections -fdata-sections -MMD -MP -MF"src/helloworld.d" -MT"src/helloworld.o" -o "src/helloworld.o" "../src/helloworld.c"
../src/helloworld.c: In function 'main':
../src/helloworld.c:106:6: warning: unused variable 'Value2' [-Wunused-variable]
  u32 Value2;
      ^~~~~~
../src/helloworld.c:91:9: warning: unused variable 'scale' [-Wunused-variable]
     int scale=1000;
         ^~~~~
../src/helloworld.c:90:9: warning: unused variable 'i' [-Wunused-variable]
     int i=1;
         ^
'Finished building: ../src/helloworld.c'
' '
'Building target: complete_test.elf'
'Invoking: MicroBlaze gcc linker'
mb-gcc -Wl,-T -Wl,../src/lscript.ld -L../../complete_test_bsp/microblaze_0/lib -mlittle-endian -mcpu=v11.0 -mxl-soft-mul -Wl,--no-relax -Wl,--gc-sections -o "complete_test.elf"  ./src/helloworld.o ./src/platform.o   -Wl,--start-group,-lxil,-lgcc,-lc,--end-group
'Finished building target: complete_test.elf'
' '
'Invoking: MicroBlaze Print Size'
mb-size complete_test.elf  |tee "complete_test.elf.size"
   text	   data	    bss	    dec	    hex	filename
   3596	    262	   3118	   6976	   1b40	complete_test.elf
'Finished building: complete_test.elf.size'
' '
16:30:59 **** Incremental Build of configuration Debug for project complete_test ****
make all 
make: Nothing to be done for 'all'.
16:31:20 **** Incremental Build of configuration Debug for project complete_test ****
make all 
make: Nothing to be done for 'all'.
16:32:26 **** Auto Build of configuration Debug for project complete_test ****
make all 
'Building file: ../src/helloworld.c'
'Invoking: MicroBlaze gcc compiler'
mb-gcc -Wall -O0 -g3 -c -fmessage-length=0 -MT"src/helloworld.o" -I../../complete_test_bsp/microblaze_0/include -mlittle-endian -mcpu=v11.0 -mxl-soft-mul -Wl,--no-relax -ffunction-sections -fdata-sections -MMD -MP -MF"src/helloworld.d" -MT"src/helloworld.o" -o "src/helloworld.o" "../src/helloworld.c"
../src/helloworld.c: In function 'main':
../src/helloworld.c:106:6: warning: unused variable 'Value2' [-Wunused-variable]
  u32 Value2;
      ^~~~~~
../src/helloworld.c:91:9: warning: unused variable 'scale' [-Wunused-variable]
     int scale=1000;
         ^~~~~
../src/helloworld.c:90:9: warning: unused variable 'i' [-Wunused-variable]
     int i=1;
         ^
'Finished building: ../src/helloworld.c'
' '
'Building target: complete_test.elf'
'Invoking: MicroBlaze gcc linker'
mb-gcc -Wl,-T -Wl,../src/lscript.ld -L../../complete_test_bsp/microblaze_0/lib -mlittle-endian -mcpu=v11.0 -mxl-soft-mul -Wl,--no-relax -Wl,--gc-sections -o "complete_test.elf"  ./src/helloworld.o ./src/platform.o   -Wl,--start-group,-lxil,-lgcc,-lc,--end-group
'Finished building target: complete_test.elf'
' '
'Invoking: MicroBlaze Print Size'
mb-size complete_test.elf  |tee "complete_test.elf.size"
   text	   data	    bss	    dec	    hex	filename
   3600	    262	   3114	   6976	   1b40	complete_test.elf
'Finished building: complete_test.elf.size'
' '
16:32:30 **** Incremental Build of configuration Debug for project complete_test ****
make all 
make: Nothing to be done for 'all'.
16:32:52 **** Auto Build of configuration Debug for project complete_test ****
make all 
'Building file: ../src/helloworld.c'
'Invoking: MicroBlaze gcc compiler'
mb-gcc -Wall -O0 -g3 -c -fmessage-length=0 -MT"src/helloworld.o" -I../../complete_test_bsp/microblaze_0/include -mlittle-endian -mcpu=v11.0 -mxl-soft-mul -Wl,--no-relax -ffunction-sections -fdata-sections -MMD -MP -MF"src/helloworld.d" -MT"src/helloworld.o" -o "src/helloworld.o" "../src/helloworld.c"
../src/helloworld.c: In function 'main':
../src/helloworld.c:106:6: warning: unused variable 'Value2' [-Wunused-variable]
  u32 Value2;
      ^~~~~~
../src/helloworld.c:91:9: warning: unused variable 'scale' [-Wunused-variable]
     int scale=1000;
         ^~~~~
../src/helloworld.c:90:9: warning: unused variable 'i' [-Wunused-variable]
     int i=1;
         ^
'Finished building: ../src/helloworld.c'
' '
'Building target: complete_test.elf'
'Invoking: MicroBlaze gcc linker'
mb-gcc -Wl,-T -Wl,../src/lscript.ld -L../../complete_test_bsp/microblaze_0/lib -mlittle-endian -mcpu=v11.0 -mxl-soft-mul -Wl,--no-relax -Wl,--gc-sections -o "complete_test.elf"  ./src/helloworld.o ./src/platform.o   -Wl,--start-group,-lxil,-lgcc,-lc,--end-group
'Finished building target: complete_test.elf'
' '
'Invoking: MicroBlaze Print Size'
mb-size complete_test.elf  |tee "complete_test.elf.size"
   text	   data	    bss	    dec	    hex	filename
   3596	    262	   3118	   6976	   1b40	complete_test.elf
'Finished building: complete_test.elf.size'
' '
16:32:55 **** Incremental Build of configuration Debug for project complete_test ****
make all 
make: Nothing to be done for 'all'.
16:33:10 **** Auto Build of configuration Debug for project complete_test ****
make all 
'Building file: ../src/helloworld.c'
'Invoking: MicroBlaze gcc compiler'
mb-gcc -Wall -O0 -g3 -c -fmessage-length=0 -MT"src/helloworld.o" -I../../complete_test_bsp/microblaze_0/include -mlittle-endian -mcpu=v11.0 -mxl-soft-mul -Wl,--no-relax -ffunction-sections -fdata-sections -MMD -MP -MF"src/helloworld.d" -MT"src/helloworld.o" -o "src/helloworld.o" "../src/helloworld.c"
../src/helloworld.c: In function 'main':
../src/helloworld.c:105:6: warning: unused variable 'Value2' [-Wunused-variable]
  u32 Value2;
      ^~~~~~
../src/helloworld.c:90:9: warning: unused variable 'scale' [-Wunused-variable]
     int scale=1000;
         ^~~~~
../src/helloworld.c:89:9: warning: unused variable 'i' [-Wunused-variable]
     int i=1;
         ^
'Finished building: ../src/helloworld.c'
' '
'Building target: complete_test.elf'
'Invoking: MicroBlaze gcc linker'
mb-gcc -Wl,-T -Wl,../src/lscript.ld -L../../complete_test_bsp/microblaze_0/lib -mlittle-endian -mcpu=v11.0 -mxl-soft-mul -Wl,--no-relax -Wl,--gc-sections -o "complete_test.elf"  ./src/helloworld.o ./src/platform.o   -Wl,--start-group,-lxil,-lgcc,-lc,--end-group
'Finished building target: complete_test.elf'
' '
'Invoking: MicroBlaze Print Size'
mb-size complete_test.elf  |tee "complete_test.elf.size"
   text	   data	    bss	    dec	    hex	filename
   3580	    262	   3118	   6960	   1b30	complete_test.elf
'Finished building: complete_test.elf.size'
' '
16:33:14 **** Incremental Build of configuration Debug for project complete_test ****
make all 
make: Nothing to be done for 'all'.
16:34:51 **** Auto Build of configuration Debug for project complete_test ****
make all 
'Building file: ../src/helloworld.c'
'Invoking: MicroBlaze gcc compiler'
mb-gcc -Wall -O0 -g3 -c -fmessage-length=0 -MT"src/helloworld.o" -I../../complete_test_bsp/microblaze_0/include -mlittle-endian -mcpu=v11.0 -mxl-soft-mul -Wl,--no-relax -ffunction-sections -fdata-sections -MMD -MP -MF"src/helloworld.d" -MT"src/helloworld.o" -o "src/helloworld.o" "../src/helloworld.c"
../src/helloworld.c: In function 'main':
../src/helloworld.c:107:6: warning: unused variable 'Value2' [-Wunused-variable]
  u32 Value2;
      ^~~~~~
../src/helloworld.c:92:9: warning: unused variable 'scale' [-Wunused-variable]
     int scale=1000;
         ^~~~~
../src/helloworld.c:91:9: warning: unused variable 'i' [-Wunused-variable]
     int i=1;
         ^
'Finished building: ../src/helloworld.c'
' '
'Building target: complete_test.elf'
'Invoking: MicroBlaze gcc linker'
mb-gcc -Wl,-T -Wl,../src/lscript.ld -L../../complete_test_bsp/microblaze_0/lib -mlittle-endian -mcpu=v11.0 -mxl-soft-mul -Wl,--no-relax -Wl,--gc-sections -o "complete_test.elf"  ./src/helloworld.o ./src/platform.o   -Wl,--start-group,-lxil,-lgcc,-lc,--end-group
'Finished building target: complete_test.elf'
' '
'Invoking: MicroBlaze Print Size'
mb-size complete_test.elf  |tee "complete_test.elf.size"
   text	   data	    bss	    dec	    hex	filename
   3608	    262	   3122	   6992	   1b50	complete_test.elf
'Finished building: complete_test.elf.size'
' '
16:34:58 **** Incremental Build of configuration Debug for project complete_test ****
make all 
make: Nothing to be done for 'all'.
16:35:15 **** Auto Build of configuration Debug for project complete_test ****
make all 
'Building file: ../src/helloworld.c'
'Invoking: MicroBlaze gcc compiler'
mb-gcc -Wall -O0 -g3 -c -fmessage-length=0 -MT"src/helloworld.o" -I../../complete_test_bsp/microblaze_0/include -mlittle-endian -mcpu=v11.0 -mxl-soft-mul -Wl,--no-relax -ffunction-sections -fdata-sections -MMD -MP -MF"src/helloworld.d" -MT"src/helloworld.o" -o "src/helloworld.o" "../src/helloworld.c"
../src/helloworld.c: In function 'main':
../src/helloworld.c:107:6: warning: unused variable 'Value2' [-Wunused-variable]
  u32 Value2;
      ^~~~~~
../src/helloworld.c:92:9: warning: unused variable 'scale' [-Wunused-variable]
     int scale=1000;
         ^~~~~
../src/helloworld.c:91:9: warning: unused variable 'i' [-Wunused-variable]
     int i=1;
         ^
'Finished building: ../src/helloworld.c'
' '
'Building target: complete_test.elf'
'Invoking: MicroBlaze gcc linker'
mb-gcc -Wl,-T -Wl,../src/lscript.ld -L../../complete_test_bsp/microblaze_0/lib -mlittle-endian -mcpu=v11.0 -mxl-soft-mul -Wl,--no-relax -Wl,--gc-sections -o "complete_test.elf"  ./src/helloworld.o ./src/platform.o   -Wl,--start-group,-lxil,-lgcc,-lc,--end-group
'Finished building target: complete_test.elf'
' '
'Invoking: MicroBlaze Print Size'
mb-size complete_test.elf  |tee "complete_test.elf.size"
   text	   data	    bss	    dec	    hex	filename
   3620	    262	   3126	   7008	   1b60	complete_test.elf
'Finished building: complete_test.elf.size'
' '
16:35:24 **** Incremental Build of configuration Debug for project complete_test ****
make all 
make: Nothing to be done for 'all'.
